Component: ARM Compiler 5.05 update 2 (build 169) Tool: armlink [4d0f33]

==============================================================================

Section Cross References

    stm32f10x_adc.o(.text) refers to stm32f10x_rcc.o(.text) for RCC_APB2PeriphResetCmd
    stm32f10x_bkp.o(.text) refers to stm32f10x_rcc.o(.text) for RCC_BackupResetCmd
    stm32f10x_can.o(.text) refers to stm32f10x_rcc.o(.text) for RCC_APB1PeriphResetCmd
    stm32f10x_cec.o(.text) refers to stm32f10x_rcc.o(.text) for RCC_APB1PeriphResetCmd
    stm32f10x_dac.o(.text) refers to stm32f10x_rcc.o(.text) for RCC_APB1PeriphResetCmd
    stm32f10x_gpio.o(.text) refers to stm32f10x_rcc.o(.text) for RCC_APB2PeriphResetCmd
    stm32f10x_i2c.o(.text) refers to stm32f10x_rcc.o(.text) for RCC_APB1PeriphResetCmd
    stm32f10x_pwr.o(.text) refers to stm32f10x_rcc.o(.text) for RCC_APB1PeriphResetCmd
    stm32f10x_rcc.o(.text) refers to stm32f10x_rcc.o(.data) for APBAHBPrescTable
    stm32f10x_spi.o(.text) refers to stm32f10x_rcc.o(.text) for RCC_APB2PeriphResetCmd
    stm32f10x_tim.o(.text) refers to stm32f10x_rcc.o(.text) for RCC_APB2PeriphResetCmd
    stm32f10x_usart.o(.text) refers to stm32f10x_rcc.o(.text) for RCC_APB2PeriphResetCmd
    stm32f10x_wwdg.o(.text) refers to stm32f10x_rcc.o(.text) for RCC_APB1PeriphResetCmd
    system_stm32f10x.o(.text) refers to system_stm32f10x.o(.data) for SystemCoreClock
    startup_stm32f10x_hd.o(STACK) refers (Special) to heapauxi.o(.text) for __use_two_region_memory
    startup_stm32f10x_hd.o(HEAP) refers (Special) to heapauxi.o(.text) for __use_two_region_memory
    startup_stm32f10x_hd.o(RESET) refers (Special) to heapauxi.o(.text) for __use_two_region_memory
    startup_stm32f10x_hd.o(RESET) refers to startup_stm32f10x_hd.o(STACK) for __initial_sp
    startup_stm32f10x_hd.o(RESET) refers to startup_stm32f10x_hd.o(.text) for Reset_Handler
    startup_stm32f10x_hd.o(RESET) refers to stm32f10x_it.o(.text) for NMI_Handler
    startup_stm32f10x_hd.o(RESET) refers to ierg3810_exti.o(.text) for EXTI0_IRQHandler
    startup_stm32f10x_hd.o(RESET) refers to ierg3810_tim.o(.text) for TIM3_IRQHandler
    startup_stm32f10x_hd.o(.text) refers (Special) to heapauxi.o(.text) for __use_two_region_memory
    startup_stm32f10x_hd.o(.text) refers to system_stm32f10x.o(.text) for SystemInit
    startup_stm32f10x_hd.o(.text) refers to __main.o(!!!main) for __main
    startup_stm32f10x_hd.o(.text) refers to startup_stm32f10x_hd.o(HEAP) for Heap_Mem
    startup_stm32f10x_hd.o(.text) refers to startup_stm32f10x_hd.o(STACK) for Stack_Mem
    ierg3810_usart.o(.text) refers to fflt_clz.o(x$fpl$ffltu) for __aeabi_ui2f
    ierg3810_usart.o(.text) refers to fdiv.o(x$fpl$fdiv) for __aeabi_fdiv
    ierg3810_usart.o(.text) refers to ffixu.o(x$fpl$ffixu) for __aeabi_f2uiz
    ierg3810_usart.o(.text) refers to faddsub_clz.o(x$fpl$frsb) for __aeabi_frsub
    ierg3810_usart.o(.text) refers to fmul.o(x$fpl$fmul) for __aeabi_fmul
    ierg3810_tftlcd.o(.text) refers to ierg3810_tftlcd.o(.constdata) for asc2_1608
    ierg3810_exti.o(.text) refers to ierg3810_usart.o(.text) for USART_print
    ierg3810_exti.o(.text) refers to display.o(.text) for printStop
    ierg3810_exti.o(.text) refers to board.o(.text) for Delay
    ierg3810_exti.o(.text) refers to main.o(.data) for state
    ierg3810_exti.o(.text) refers to ierg3810_exti.o(.data) for ps2dataReady
    main.o(.text) refers to game.o(.text) for Game_Init
    main.o(.text) refers to ierg3810_led.o(.text) for IERG3810_DS0_Off
    main.o(.text) refers to ierg3810_buzzer.o(.text) for IERG3810_Buzzer_Off
    main.o(.text) refers to ierg3810_usart.o(.text) for USART_print
    main.o(.text) refers to display.o(.text) for printStartScreen
    main.o(.text) refers to input.o(.text) for checkState0KeyInput
    main.o(.text) refers to main.o(.data) for task1HeartBeat
    stm32f10x_it.o(.text) refers to main.o(.data) for task1HeartBeat
    calculate.o(.text) refers to rand.o(.emb_text) for rand
    calculate.o(.text) refers to main.o(.data) for diff
    display.o(.text) refers to ierg3810_tftlcd.o(.text) for IERG3810_TFTLCD_FillRectangle
    display.o(.text) refers to main.o(.data) for color
    display.o(.text) refers to calculate.o(.text) for getNumOfDigit
    display.o(.text) refers to dflt_clz.o(x$fpl$dflt) for __aeabi_i2d
    display.o(.text) refers to pow.o(i.pow) for pow
    display.o(.text) refers to dfix.o(x$fpl$dfix) for __aeabi_d2iz
    display.o(.text) refers to ierg3810_usart.o(.text) for USART_print
    display.o(.text) refers to game.o(.text) for clearInput
    display.o(.text) refers to ierg3810_led.o(.text) for IERG3810_DS0_On
    display.o(.text) refers to display_usart.o(.text) for printInt_USART
    display.o(.text) refers to main.o(.bss) for input
    display_usart.o(.text) refers to ierg3810_usart.o(.text) for USART_print
    display_usart.o(.text) refers to calculate.o(.text) for getNumOfDigit
[...]
    __rtentry4.o(.ARM.Collect$$rtentry$$00000004) refers to sys_stackheap_outer.o(.text) for __user_setup_stackheap
    __rtentry4.o(.ARM.exidx) refers to __rtentry4.o(.ARM.Collect$$rtentry$$00000004) for .ARM.Collect$$rtentry$$00000004
    rt_errno_addr.o(.text) refers to rt_errno_addr.o(.bss) for __aeabi_errno_addr_data
    rt_errno_addr_intlibspace.o(.text) refers to libspace.o(.bss) for __libspace_start
    argv_veneer.o(.emb_text) refers to no_argv.o(.text) for __ARM_get_argv
    dcheck1.o(x$fpl$dcheck1) refers (Special) to usenofp.o(x$fpl$usenofp) for __I$use$fp
    dcheck1.o(x$fpl$dcheck1) refers to retnan.o(x$fpl$retnan) for __fpl_return_NaN
    dleqf.o(x$fpl$dleqf) refers (Special) to usenofp.o(x$fpl$usenofp) for __I$use$fp
    dleqf.o(x$fpl$dleqf) refers to dnaninf.o(x$fpl$dnaninf) for __fpl_dnaninf
    dleqf.o(x$fpl$dleqf) refers to dcmpi.o(x$fpl$dcmpinf) for __fpl_dcmp_Inf
    dsqrt_noumaal.o(x$fpl$dsqrt) refers (Special) to usenofp.o(x$fpl$usenofp) for __I$use$fp
    dsqrt_noumaal.o(x$fpl$dsqrt) refers to dnaninf.o(x$fpl$dnaninf) for __fpl_dnaninf
    libspace.o(.text) refers to libspace.o(.bss) for __libspace_start
    sys_stackheap_outer.o(.text) refers to libspace.o(.text) for __user_perproc_libspace
    sys_stackheap_outer.o(.text) refers to startup_stm32f10x_hd.o(.text) for __user_initial_stackheap
    exit.o(.text) refers to rtexit.o(.ARM.Collect$$rtexit$$00000000) for __rt_exit
    _get_argv_nomalloc.o(.text) refers (Special) to hrguard.o(.text) for __heap_region$guard
    _get_argv_nomalloc.o(.text) refers to defsig_rtmem_outer.o(.text) for __rt_SIGRTMEM
    _get_argv_nomalloc.o(.text) refers to sys_command.o(.text) for _sys_command_string
    libinit.o(.ARM.Collect$$libinit$$00000000) refers (Special) to libinit2.o(.ARM.Collect$$libinit$$0000002E) for __rt_lib_init_alloca_1
    libinit.o(.ARM.Collect$$libinit$$00000000) refers (Special) to libinit2.o(.ARM.Collect$$libinit$$0000002C) for __rt_lib_init_argv_1
    libinit.o(.ARM.Collect$$libinit$$00000000) refers (Special) to libinit2.o(.ARM.Collect$$libinit$$0000001B) for __rt_lib_init_atexit_1
    libinit.o(.ARM.Collect$$libinit$$00000000) refers (Special) to libinit2.o(.ARM.Collect$$libinit$$00000021) for __rt_lib_init_clock_1
    libinit.o(.ARM.Collect$$libinit$$00000000) refers (Special) to libinit2.o(.ARM.Collect$$libinit$$00000032) for __rt_lib_init_cpp_1
    libinit.o(.ARM.Collect$$libinit$$00000000) refers (Special) to libinit2.o(.ARM.Collect$$libinit$$00000030) for __rt_lib_init_exceptions_1
    libinit.o(.ARM.Collect$$libinit$$00000000) refers (Special) to libinit2.o(.ARM.Collect$$libinit$$00000002) for __rt_lib_init_fp_1
    libinit.o(.ARM.Collect$$libinit$$00000000) refers (Special) to libinit2.o(.ARM.Collect$$libinit$$0000001F) for __rt_lib_init_fp_trap_1
    libinit.o(.ARM.Collect$$libinit$$00000000) refers (Special) to libinit2.o(.ARM.Collect$$libinit$$00000023) for __rt_lib_init_getenv_1
    libinit.o(.ARM.Collect$$libinit$$00000000) refers (Special) to libinit2.o(.ARM.Collect$$libinit$$0000000A) for __rt_lib_init_heap_1
    libinit.o(.ARM.Collect$$libinit$$00000000) refers (Special) to libinit2.o(.ARM.Collect$$libinit$$00000011) for __rt_lib_init_lc_collate_1
    libinit.o(.ARM.Collect$$libinit$$00000000) refers (Special) to libinit2.o(.ARM.Collect$$libinit$$00000013) for __rt_lib_init_lc_ctype_1
    libinit.o(.ARM.Collect$$libinit$$00000000) refers (Special) to libinit2.o(.ARM.Collect$$libinit$$00000015) for __rt_lib_init_lc_monetary_1
    libinit.o(.ARM.Collect$$libinit$$00000000) refers (Special) to libinit2.o(.ARM.Collect$$libinit$$00000017) for __rt_lib_init_lc_numeric_1
    libinit.o(.ARM.Collect$$libinit$$00000000) refers (Special) to libinit2.o(.ARM.Collect$$libinit$$00000019) for __rt_lib_init_lc_time_1
    libinit.o(.ARM.Collect$$libinit$$00000000) refers (Special) to libinit2.o(.ARM.Collect$$libinit$$00000004) for __rt_lib_init_preinit_1
    libinit.o(.ARM.Collect$$libinit$$00000000) refers (Special) to libinit2.o(.ARM.Collect$$libinit$$0000000E) for __rt_lib_init_rand_1
    libinit.o(.ARM.Collect$$libinit$$00000000) refers (Special) to libinit2.o(.ARM.Collect$$libinit$$00000033) for __rt_lib_init_return
    libinit.o(.ARM.Collect$$libinit$$00000000) refers (Special) to libinit2.o(.ARM.Collect$$libinit$$0000001D) for __rt_lib_init_signal_1
    libinit.o(.ARM.Collect$$libinit$$00000000) refers (Special) to libinit2.o(.ARM.Collect$$libinit$$00000025) for __rt_lib_init_stdio_1
    libinit.o(.ARM.Collect$$libinit$$00000000) refers (Special) to libinit2.o(.ARM.Collect$$libinit$$0000000C) for __rt_lib_init_user_alloc_1
    dcmpi.o(x$fpl$dcmpinf) refers (Special) to usenofp.o(x$fpl$usenofp) for __I$use$fp
    retnan.o(x$fpl$retnan) refers (Special) to usenofp.o(x$fpl$usenofp) for __I$use$fp
    retnan.o(x$fpl$retnan) refers to trapv.o(x$fpl$trapveneer) for __fpl_cmpreturn
    sys_command.o(.text) refers (Special) to use_no_semi.o(.text) for __I$use$semihosting
    sys_command.o(.text) refers (Special) to indicate_semi.o(.text) for __semihosting_library_function
    rtexit.o(.ARM.Collect$$rtexit$$00000000) refers (Special) to rtexit2.o(.ARM.Collect$$rtexit$$00000004) for __rt_exit_exit
    rtexit.o(.ARM.Collect$$rtexit$$00000000) refers (Special) to rtexit2.o(.ARM.Collect$$rtexit$$00000003) for __rt_exit_ls
    rtexit.o(.ARM.Collect$$rtexit$$00000000) refers (Special) to rtexit2.o(.ARM.Collect$$rtexit$$00000002) for __rt_exit_prels_1
    rtexit.o(.ARM.exidx) refers (Special) to rtexit2.o(.ARM.Collect$$rtexit$$00000004) for __rt_exit_exit
    rtexit.o(.ARM.exidx) refers (Special) to rtexit2.o(.ARM.Collect$$rtexit$$00000003) for __rt_exit_ls
    rtexit.o(.ARM.exidx) refers (Special) to rtexit2.o(.ARM.Collect$$rtexit$$00000002) for __rt_exit_prels_1
    rtexit.o(.ARM.exidx) refers to rtexit.o(.ARM.Collect$$rtexit$$00000000) for .ARM.Collect$$rtexit$$00000000
    defsig_rtmem_outer.o(.text) refers to defsig_rtmem_inner.o(.text) for __rt_SIGRTMEM_inner
    defsig_rtmem_outer.o(.text) refers to defsig_exit.o(.text) for __sig_exit
    defsig_rtmem_formal.o(.text) refers to rt_raise.o(.text) for __rt_raise
    trapv.o(x$fpl$trapveneer) refers (Special) to usenofp.o(x$fpl$usenofp) for __I$use$fp
    rtexit2.o(.ARM.Collect$$rtexit$$00000003) refers to libshutdown.o(.ARM.Collect$$libshutdown$$00000000) for __rt_lib_shutdown
    rtexit2.o(.ARM.Collect$$rtexit$$00000004) refers to sys_exit.o(.text) for _sys_exit
    rtexit2.o(.ARM.exidx) refers to rtexit2.o(.ARM.Collect$$rtexit$$00000001) for .ARM.Collect$$rtexit$$00000001
    rtexit2.o(.ARM.exidx) refers to rtexit2.o(.ARM.Collect$$rtexit$$00000003) for .ARM.Collect$$rtexit$$00000003
    rtexit2.o(.ARM.exidx) refers to rtexit2.o(.ARM.Collect$$rtexit$$00000004) for .ARM.Collect$$rtexit$$00000004
    rt_raise.o(.text) refers to __raise.o(.text) for __raise
    rt_raise.o(.text) refers to sys_exit.o(.text) for _sys_exit
    defsig_exit.o(.text) refers to sys_exit.o(.text) for _sys_exit
    defsig_rtmem_inner.o(.text) refers to defsig_general.o(.text) for __default_signal_display
    sys_exit.o(.text) refers (Special) to use_no_semi.o(.text) for __I$use$semihosting
    sys_exit.o(.text) refers (Special) to indicate_semi.o(.text) for __semihosting_library_function
    __raise.o(.text) refers to defsig.o(CL$$defsig) for __default_signal_handler
    defsig_general.o(.text) refers to sys_wrch.o(.text) for _ttywrch
    libshutdown.o(.ARM.Collect$$libshutdown$$00000000) refers (Special) to libshutdown2.o(.ARM.Collect$$libshutdown$$00000006) for __rt_lib_shutdown_fp_trap_1
    libshutdown.o(.ARM.Collect$$libshutdown$$00000000) refers (Special) to libshutdown2.o(.ARM.Collect$$libshutdown$$0000000E) for __rt_lib_shutdown_heap_1
    libshutdown.o(.ARM.Collect$$libshutdown$$00000000) refers (Special) to libshutdown2.o(.ARM.Collect$$libshutdown$$0000000F) for __rt_lib_shutdown_return
    libshutdown.o(.ARM.Collect$$libshutdown$$00000000) refers (Special) to libshutdown2.o(.ARM.Collect$$libshutdown$$00000009) for __rt_lib_shutdown_signal_1
    libshutdown.o(.ARM.Collect$$libshutdown$$00000000) refers (Special) to libshutdown2.o(.ARM.Collect$$libshutdown$$00000003) for __rt_lib_shutdown_stdio_1
    libshutdown.o(.ARM.Collect$$libshutdown$$00000000) refers (Special) to libshutdown2.o(.ARM.Collect$$libshutdown$$0000000B) for __rt_lib_shutdown_user_alloc_1
    sys_wrch.o(.text) refers (Special) to use_no_semi.o(.text) for __I$use$semihosting
    sys_wrch.o(.text) refers (Special) to indicate_semi.o(.text) for __semihosting_library_function
    defsig.o(CL$$defsig) refers to defsig_rtmem_inner.o(.text) for __rt_SIGRTMEM_inner
    defsig_abrt_inner.o(.text) refers to defsig_general.o(.text) for __default_signal_display
    defsig_fpe_inner.o(.text) refers to defsig_general.o(.text) for __default_signal_display
    defsig_rtred_inner.o(.text) refers to defsig_general.o(.text) for __default_signal_display
    defsig_stak_inner.o(.text) refers to defsig_general.o(.text) for __default_signal_display
    defsig_pvfn_inner.o(.text) refers to defsig_general.o(.text) for __default_signal_display
    defsig_cppl_inner.o(.text) refers to defsig_general.o(.text) for __default_signal_display
    defsig_segv_inner.o(.text) refers to defsig_general.o(.text) for __default_signal_display
    defsig_other.o(.text) refers to defsig_general.o(.text) for __default_signal_display


==============================================================================

Removing Unused input sections from the image.

    Removing misc.o(.text), (220 bytes).
    Removing stm32f10x_adc.o(.text), (1102 bytes).
    Removing stm32f10x_bkp.o(.text), (196 bytes).
    Removing stm32f10x_can.o(.text), (2544 bytes).
    Removing stm32f10x_cec.o(.text), (288 bytes).
    Removing stm32f10x_crc.o(.text), (72 bytes).
    Removing stm32f10x_dac.o(.text), (396 bytes).
    Removing stm32f10x_dbgmcu.o(.text), (48 bytes).
    Removing stm32f10x_dma.o(.text), (596 bytes).
    Removing stm32f10x_exti.o(.text), (284 bytes).
    Removing stm32f10x_flash.o(.text), (1468 bytes).
    Removing stm32f10x_fsmc.o(.text), (1548 bytes).
    Removing stm32f10x_gpio.o(.text), (860 bytes).
    Removing stm32f10x_i2c.o(.text), (1028 bytes).
    Removing stm32f10x_iwdg.o(.text), (64 bytes).
    Removing stm32f10x_pwr.o(.text), (204 bytes).
    Removing stm32f10x_rcc.o(.text), (932 bytes).
    Removing stm32f10x_rcc.o(.data), (20 bytes).
    Removing stm32f10x_rtc.o(.text), (328 bytes).
    Removing stm32f10x_sdio.o(.text), (468 bytes).
    Removing stm32f10x_spi.o(.text), (780 bytes).
    Removing stm32f10x_tim.o(.text), (3610 bytes).
    Removing stm32f10x_usart.o(.text), (1032 bytes).
    Removing stm32f10x_wwdg.o(.text), (136 bytes).
    Removing core_cm3.o(.emb_text), (32 bytes).

25 unused section(s) (total 18256 bytes) removed from the image.

==============================================================================

Image Symbol Table

    Local Symbols

    Symbol Name                              Value     Ov Type        Size  Object(Section)

    ../clib/angel/boardlib.s                 0x00000000   Number         0  boardinit2.o ABSOLUTE
    ../clib/angel/boardlib.s                 0x00000000   Number         0  boardinit3.o ABSOLUTE
    ../clib/angel/boardlib.s                 0x00000000   Number         0  boardshut.o ABSOLUTE
    ../clib/angel/boardlib.s                 0x00000000   Number         0  boardinit1.o ABSOLUTE
    ../clib/angel/handlers.s                 0x00000000   Number         0  __scatter_zi.o ABSOLUTE
    ../clib/angel/handlers.s                 0x00000000   Number         0  __scatter_copy.o ABSOLUTE
    ../clib/angel/kernel.s                   0x00000000   Number         0  rtexit.o ABSOLUTE
    ../clib/angel/kernel.s                   0x00000000   Number         0  __rtentry.o ABSOLUTE
    ../clib/angel/kernel.s                   0x00000000   Number         0  __rtentry2.o ABSOLUTE
    ../clib/angel/kernel.s                   0x00000000   Number         0  __rtentry4.o ABSOLUTE
    ../clib/angel/kernel.s                   0x00000000   Number         0  rtexit2.o ABSOLUTE
    ../clib/angel/rt.s                       0x00000000   Number         0  rt_raise.o ABSOLUTE
    ../clib/angel/rt.s                       0x00000000   Number         0  rt_errno_addr.o ABSOLUTE
    ../clib/angel/rt.s                       0x00000000   Number         0  rt_errno_addr_intlibspace.o ABSOLUTE
    ../clib/angel/scatter.s                  0x00000000   Number         0  __scatter.o ABSOLUTE
    ../clib/angel/startup.s                  0x00000000   Number         0  __main.o ABSOLUTE
    ../clib/angel/sys.s                      0x00000000   Number         0  use_no_semi.o ABSOLUTE
    ../clib/angel/sys.s                      0x00000000   Number         0  indicate_semi.o ABSOLUTE
    ../clib/angel/sys.s                      0x00000000   Number         0  libspace.o ABSOLUTE
    ../clib/angel/sys.s                      0x00000000   Number         0  sys_stackheap_outer.o ABSOLUTE
    ../clib/angel/sysapp.c                   0x00000000   Number         0  sys_wrch.o ABSOLUTE
    ../clib/angel/sysapp.c                   0x00000000   Number         0  sys_exit.o ABSOLUTE
    ../clib/angel/sysapp.c                   0x00000000   Number         0  sys_command.o ABSOLUTE
    ../clib/armsys.c                         0x00000000   Number         0  _get_argv_nomalloc.o ABSOLUTE
    ../clib/armsys.c                         0x00000000   Number         0  argv_veneer.o ABSOLUTE
    ../clib/armsys.c                         0x00000000   Number         0  no_argv.o ABSOLUTE
    ../clib/armsys.c                         0x00000000   Number         0  argv_veneer.o ABSOLUTE
    ../clib/fenv.c                           0x00000000   Number         0  _rserrno.o ABSOLUTE
    ../clib/heapalloc.c                      0x00000000   Number         0  hrguard.o ABSOLUTE
    ../clib/heapaux.c                        0x00000000   Number         0  heapauxi.o ABSOLUTE
    ../clib/libinit.s                        0x00000000   Number         0  libshutdown2.o ABSOLUTE
    ../clib/libinit.s                        0x00000000   Number         0  libinit2.o ABSOLUTE
    ../clib/libinit.s                        0x00000000   Number         0  libshutdown.o ABSOLUTE
    ../clib/libinit.s                        0x00000000   Number         0  libinit.o ABSOLUTE
    ../clib/signal.c                         0x00000000   Number         0  defsig_rtmem_formal.o ABSOLUTE
    ../clib/signal.c                         0x00000000   Number         0  defsig_rtmem_inner.o ABSOLUTE
    ../clib/signal.c                         0x00000000   Number         0  defsig_exit.o ABSOLUTE
    ../clib/signal.c                         0x00000000   Number         0  __raise.o ABSOLUTE
    ../clib/signal.c                         0x00000000   Number         0  defsig_other.o ABSOLUTE
    ../clib/signal.c                         0x00000000   Number         0  defsig_segv_inner.o ABSOLUTE
    ../clib/signal.c                         0x00000000   Number         0  defsig_fpe_inner.o ABSOLUTE
    ../clib/signal.c                         0x00000000   Number         0  defsig_pvfn_inner.o ABSOLUTE
    ../clib/signal.c                         0x00000000   Number         0  defsig_stak_inner.o ABSOLUTE
    ../clib/signal.c                         0x00000000   Number         0  defsig_rtred_inner.o ABSOLUTE
    ../clib/signal.c                         0x00000000   Number         0  defsig_cppl_inner.o ABSOLUTE
    ../clib/signal.c                         0x00000000   Number         0  defsig_abrt_inner.o ABSOLUTE
    ../clib/signal.c                         0x00000000   Number         0  defsig_rtmem_outer.o ABSOLUTE
    ../clib/signal.c                         0x00000000   Number         0  defsig_general.o ABSOLUTE
    ../clib/signal.s                         0x00000000   Number         0  defsig.o ABSOLUTE
    ../clib/stdlib.c                         0x00000000   Number         0  exit.o ABSOLUTE
    ../clib/stdlib.c                         0x00000000   Number         0  rand.o ABSOLUTE
    ../clib/stdlib.c                         0x00000000   Number         0  rand.o ABSOLUTE
    ../fplib/daddsub.s                       0x00000000   Number         0  daddsub_clz.o ABSOLUTE
    ../fplib/dcheck1.s                       0x00000000   Number         0  dcheck1.o ABSOLUTE
    ../fplib/dcmpi.s                         0x00000000   Number         0  dcmpi.o ABSOLUTE
    ../fplib/ddiv.s                          0x00000000   Number         0  ddiv.o ABSOLUTE
    ../fplib/dfix.s                          0x00000000   Number         0  dfix.o ABSOLUTE
    ../fplib/dflt.s                          0x00000000   Number         0  dflt_clz.o ABSOLUTE
    ../fplib/dleqf.s                         0x00000000   Number         0  dleqf.o ABSOLUTE
    ../fplib/dmul.s                          0x00000000   Number         0  dmul.o ABSOLUTE
    ../fplib/dnaninf.s                       0x00000000   Number         0  dnaninf.o ABSOLUTE
    ../fplib/dretinf.s                       0x00000000   Number         0  dretinf.o ABSOLUTE
    ../fplib/drleqf.s                        0x00000000   Number         0  drleqf.o ABSOLUTE
    ../fplib/dsqrt.s                         0x00000000   Number         0  dsqrt_noumaal.o ABSOLUTE
    ../fplib/faddsub.s                       0x00000000   Number         0  faddsub_clz.o ABSOLUTE
    ../fplib/fdiv.s                          0x00000000   Number         0  fdiv.o ABSOLUTE
    ../fplib/ffixu.s                         0x00000000   Number         0  ffixu.o ABSOLUTE
    ../fplib/fflt.s                          0x00000000   Number         0  fflt_clz.o ABSOLUTE
    ../fplib/fmul.s                          0x00000000   Number         0  fmul.o ABSOLUTE
    ../fplib/fnaninf.s                       0x00000000   Number         0  fnaninf.o ABSOLUTE
    ../fplib/fpinit.s                        0x00000000   Number         0  fpinit.o ABSOLUTE
    ../fplib/fretinf.s                       0x00000000   Number         0  fretinf.o ABSOLUTE
    ../fplib/retnan.s                        0x00000000   Number         0  retnan.o ABSOLUTE
    ../fplib/scalbn.s                        0x00000000   Number         0  scalbn.o ABSOLUTE
    ../fplib/trapv.s                         0x00000000   Number         0  trapv.o ABSOLUTE
    ../fplib/usenofp.s                       0x00000000   Number         0  usenofp.o ABSOLUTE
    ../mathlib/dunder.c                      0x00000000   Number         0  dunder.o ABSOLUTE
    ../mathlib/fpclassify.c                  0x00000000   Number         0  fpclassify.o ABSOLUTE
    ../mathlib/poly.c                        0x00000000   Number         0  poly.o ABSOLUTE
    ../mathlib/pow.c                         0x00000000   Number         0  pow_x.o ABSOLUTE
    ../mathlib/pow.c                         0x00000000   Number         0  pow.o ABSOLUTE
    ../mathlib/qnan.c                        0x00000000   Number         0  qnan.o ABSOLUTE
    ../mathlib/sqrt.c                        0x00000000   Number         0  sqrt_x.o ABSOLUTE
    ../mathlib/sqrt.c                        0x00000000   Number         0  sqrt.o ABSOLUTE
    Board\IERG3810_Buzzer.c                  0x00000000   Number         0  ierg3810_buzzer.o ABSOLUTE
    Board\IERG3810_Clock.c                   0x00000000   Number         0  ierg3810_clock.o ABSOLUTE
    Board\IERG3810_EXTI.c                    0x00000000   Number         0  ierg3810_exti.o ABSOLUTE
    Board\IERG3810_KEY.c                     0x00000000   Number         0  ierg3810_key.o ABSOLUTE
    Board\IERG3810_LED.c                     0x00000000   Number         0  ierg3810_led.o ABSOLUTE
    Board\IERG3810_TFTLCD.c                  0x00000000   Number         0  ierg3810_tftlcd.o ABSOLUTE
    Board\IERG3810_TIM.c                     0x00000000   Number         0  ierg3810_tim.o ABSOLUTE
    Board\IERG3810_USART.c                   0x00000000   Number         0  ierg3810_usart.o ABSOLUTE
    Core\\core_cm3.c                         0x00000000   Number         0  core_cm3.o ABSOLUTE
    Core\core_cm3.c                          0x00000000   Number         0  core_cm3.o ABSOLUTE
    Core\startup_stm32f10x_hd.s              0x00000000   Number         0  startup_stm32f10x_hd.o ABSOLUTE
    Core\system_stm32f10x.c                  0x00000000   Number         0  system_stm32f10x.o ABSOLUTE
    Fw_lib\src\misc.c                        0x00000000   Number         0  misc.o ABSOLUTE
    Fw_lib\src\stm32f10x_adc.c               0x00000000   Number         0  stm32f10x_adc.o ABSOLUTE
    Fw_lib\src\stm32f10x_bkp.c               0x00000000   Number         0  stm32f10x_bkp.o ABSOLUTE
    Fw_lib\src\stm32f10x_can.c               0x00000000   Number         0  stm32f10x_can.o ABSOLUTE
    Fw_lib\src\stm32f10x_cec.c               0x00000000   Number         0  stm32f10x_cec.o ABSOLUTE
    Fw_lib\src\stm32f10x_crc.c               0x00000000   Number         0  stm32f10x_crc.o ABSOLUTE
    Fw_lib\src\stm32f10x_dac.c               0x00000000   Number         0  stm32f10x_dac.o ABSOLUTE
    Fw_lib\src\stm32f10x_dbgmcu.c            0x00000000   Number         0  stm32f10x_dbgmcu.o ABSOLUTE
    Fw_lib\src\stm32f10x_dma.c               0x00000000   Number         0  stm32f10x_dma.o ABSOLUTE
    Fw_lib\src\stm32f10x_exti.c              0x00000000   Number         0  stm32f10x_exti.o ABSOLUTE
    Fw_lib\src\stm32f10x_flash.c             0x00000000   Number         0  stm32f10x_flash.o ABSOLUTE
    Fw_lib\src\stm32f10x_fsmc.c              0x00000000   Number         0  stm32f10x_fsmc.o ABSOLUTE
    Fw_lib\src\stm32f10x_gpio.c              0x00000000   Number         0  stm32f10x_gpio.o ABSOLUTE
    Fw_lib\src\stm32f10x_i2c.c               0x00000000   Number         0  stm32f10x_i2c.o ABSOLUTE
    Fw_lib\src\stm32f10x_iwdg.c              0x00000000   Number         0  stm32f10x_iwdg.o ABSOLUTE
    Fw_lib\src\stm32f10x_pwr.c               0x00000000   Number         0  stm32f10x_pwr.o ABSOLUTE
    Fw_lib\src\stm32f10x_rcc.c               0x00000000   Number         0  stm32f10x_rcc.o ABSOLUTE
    Fw_lib\src\stm32f10x_rtc.c               0x00000000   Number         0  stm32f10x_rtc.o ABSOLUTE
    Fw_lib\src\stm32f10x_sdio.c              0x00000000   Number         0  stm32f10x_sdio.o ABSOLUTE
    Fw_lib\src\stm32f10x_spi.c               0x00000000   Number         0  stm32f10x_spi.o ABSOLUTE
    Fw_lib\src\stm32f10x_tim.c               0x00000000   Number         0  stm32f10x_tim.o ABSOLUTE
    Fw_lib\src\stm32f10x_usart.c             0x00000000   Number         0  stm32f10x_usart.o ABSOLUTE
    Fw_lib\src\stm32f10x_wwdg.c              0x00000000   Number         0  stm32f10x_wwdg.o ABSOLUTE
    User\Board.c                             0x00000000   Number         0  board.o ABSOLUTE
    User\calculate.c                         0x00000000   Number         0  calculate.o ABSOLUTE
    User\display.c                           0x00000000   Number         0  display.o ABSOLUTE
    User\display_USART.c                     0x00000000   Number         0  display_usart.o ABSOLUTE
    User\game.c                              0x00000000   Number         0  game.o ABSOLUTE
    User\input.c                             0x00000000   Number         0  input.o ABSOLUTE
    User\main.c                              0x00000000   Number         0  main.o ABSOLUTE
    User\stm32f10x_it.c                      0x00000000   Number         0  stm32f10x_it.o ABSOLUTE
    dc.s                                     0x00000000   Number         0  dc.o ABSOLUTE
    RESET                                    0x08000000   Section      304  startup_stm32f10x_hd.o(RESET)
    !!!main                                  0x08000130   Section        8  __main.o(!!!main)
    !!!scatter                               0x08000138   Section       52  __scatter.o(!!!scatter)
    !!handler_copy                           0x0800016c   Section       26  __scatter_copy.o(!!handler_copy)
    !!handler_zi                             0x08000188   Section       28  __scatter_zi.o(!!handler_zi)
    .ARM.Collect$$libinit$$00000000          0x080001a4   Section        2  libinit.o(.ARM.Collect$$libinit$$00000000)
    .ARM.Collect$$libinit$$00000002          0x080001a6   Section        0  libinit2.o(.ARM.Collect$$libinit$$00000002)
    .ARM.Collect$$libinit$$00000004          0x080001a6   Section        0  libinit2.o(.ARM.Collect$$libinit$$00000004)
    .ARM.Collect$$libinit$$0000000A          0x080001a6   Section        0  libinit2.o(.ARM.Collect$$libinit$$0000000A)
    .ARM.Collect$$libinit$$0000000C          0x080001a6   Section        0  libinit2.o(.ARM.Collect$$libinit$$0000000C)
    .ARM.Collect$$libinit$$0000000D          0x080001a6   Section        4  libinit2.o(.ARM.Collect$$libinit$$0000000D)
    .ARM.Collect$$libinit$$0000000E          0x080001aa   Section        0  libinit2.o(.ARM.Collect$$libinit$$0000000E)
    .ARM.Collect$$libinit$$00000011          0x080001aa   Section        0  libinit2.o(.ARM.Collect$$libinit$$00000011)
    .ARM.Collect$$libinit$$00000013          0x080001aa   Section        0  libinit2.o(.ARM.Collect$$libinit$$00000013)
    .ARM.Collect$$libinit$$00000015          0x080001aa   Section        0  libinit2.o(.ARM.Collect$$libinit$$00000015)
    .ARM.Collect$$libinit$$00000017          0x080001aa   Section        0  libinit2.o(.ARM.Collect$$libinit$$00000017)
    .ARM.Collect$$libinit$$00000019          0x080001aa   Section        0  libinit2.o(.ARM.Collect$$libinit$$00000019)
    .ARM.Collect$$libinit$$0000001B          0x080001aa   Section        0  libinit2.o(.ARM.Collect$$libinit$$0000001B)
    .ARM.Collect$$libinit$$0000001D          0x080001aa   Section        0  libinit2.o(.ARM.Collect$$libinit$$0000001D)
    .ARM.Collect$$libinit$$0000001F          0x080001aa   Section        0  libinit2.o(.ARM.Collect$$libinit$$0000001F)
    .ARM.Collect$$libinit$$00000021          0x080001aa   Section        0  libinit2.o(.ARM.Collect$$libinit$$00000021)
    .ARM.Collect$$libinit$$00000023          0x080001aa   Section        0  libinit2.o(.ARM.Collect$$libinit$$00000023)
    .ARM.Collect$$libinit$$00000025          0x080001aa   Section        0  libinit2.o(.ARM.Collect$$libinit$$00000025)
    .ARM.Collect$$libinit$$0000002C          0x080001aa   Section        0  libinit2.o(.ARM.Collect$$libinit$$0000002C)
    .ARM.Collect$$libinit$$0000002E          0x080001aa   Section        0  libinit2.o(.ARM.Collect$$libinit$$0000002E)
    .ARM.Collect$$libinit$$00000030          0x080001aa   Section        0  libinit2.o(.ARM.Collect$$libinit$$00000030)
    .ARM.Collect$$libinit$$00000032          0x080001aa   Section        0  libinit2.o(.ARM.Collect$$libinit$$00000032)
    .ARM.Collect$$libinit$$00000033          0x080001aa   Section        2  libinit2.o(.ARM.Collect$$libinit$$00000033)
    .ARM.Collect$$libshutdown$$00000000      0x080001ac   Section        2  libshutdown.o(.ARM.Collect$$libshutdown$$00000000)
    .ARM.Collect$$libshutdown$$00000003      0x080001ae   Section        0  libshutdown2.o(.ARM.Collect$$libshutdown$$00000003)
    .ARM.Collect$$libshutdown$$00000006      0x080001ae   Section        0  libshutdown2.o(.ARM.Collect$$libshutdown$$00000006)
    .ARM.Collect$$libshutdown$$00000009      0x080001ae   Section        0  libshutdown2.o(.ARM.Collect$$libshutdown$$00000009)
    .ARM.Collect$$libshutdown$$0000000B      0x080001ae   Section        0  libshutdown2.o(.ARM.Collect$$libshutdown$$0000000B)
    .ARM.Collect$$libshutdown$$0000000E      0x080001ae   Section        0  libshutdown2.o(.ARM.Collect$$libshutdown$$0000000E)
    .ARM.Collect$$libshutdown$$0000000F      0x080001ae   Section        2  libshutdown2.o(.ARM.Collect$$libshutdown$$0000000F)
    .ARM.Collect$$rtentry$$00000000          0x080001b0   Section        0  __rtentry.o(.ARM.Collect$$rtentry$$00000000)
    .ARM.Collect$$rtentry$$00000002          0x080001b0   Section        0  __rtentry2.o(.ARM.Collect$$rtentry$$00000002)
    .ARM.Collect$$rtentry$$00000004          0x080001b0   Section        6  __rtentry4.o(.ARM.Collect$$rtentry$$00000004)
    .ARM.Collect$$rtentry$$00000009          0x080001b6   Section        0  __rtentry2.o(.ARM.Collect$$rtentry$$00000009)
    .ARM.Collect$$rtentry$$0000000A          0x080001b6   Section        4  __rtentry2.o(.ARM.Collect$$rtentry$$0000000A)
    .ARM.Collect$$rtentry$$0000000C          0x080001ba   Section        0  __rtentry2.o(.ARM.Collect$$rtentry$$0000000C)
    .ARM.Collect$$rtentry$$0000000D          0x080001ba   Section        8  __rtentry2.o(.ARM.Collect$$rtentry$$0000000D)
    .ARM.Collect$$rtexit$$00000000           0x080001c2   Section        2  rtexit.o(.ARM.Collect$$rtexit$$00000000)
    .ARM.Collect$$rtexit$$00000002           0x080001c4   Section        0  rtexit2.o(.ARM.Collect$$rtexit$$00000002)
    .ARM.Collect$$rtexit$$00000003           0x080001c4   Section        4  rtexit2.o(.ARM.Collect$$rtexit$$00000003)
    .ARM.Collect$$rtexit$$00000004           0x080001c8   Section        6  rtexit2.o(.ARM.Collect$$rtexit$$00000004)
    .emb_text                                0x080001d0   Section       52  rand.o(.emb_text)
    .text                                    0x08000204   Section        0  system_stm32f10x.o(.text)
    SetSysClockTo72                          0x08000205   Thumb Code   214  system_stm32f10x.o(.text)
    SetSysClock                              0x080002db   Thumb Code     8  system_stm32f10x.o(.text)
    .text                                    0x080003e4   Section       64  startup_stm32f10x_hd.o(.text)
    .text                                    0x08000424   Section        0  ierg3810_buzzer.o(.text)
    .text                                    0x08000468   Section        0  ierg3810_key.o(.text)
    .text                                    0x08000554   Section        0  ierg3810_led.o(.text)
    .text                                    0x080005dc   Section        0  ierg3810_clock.o(.text)
    .text                                    0x08000680   Section        0  ierg3810_usart.o(.text)
    .text                                    0x08000854   Section        0  ierg3810_tftlcd.o(.text)
    .text                                    0x08000f6c   Section        0  ierg3810_exti.o(.text)
    .text                                    0x08001204   Section        0  ierg3810_tim.o(.text)
    .text                                    0x080013dc   Section        0  main.o(.text)
    .text                                    0x080014d0   Section        0  stm32f10x_it.o(.text)
    .text                                    0x080014f8   Section        0  board.o(.text)
    .text                                    0x08001504   Section        0  calculate.o(.text)
    .text                                    0x08001670   Section        0  display.o(.text)
    .text                                    0x080039ac   Section        0  display_usart.o(.text)
    .text                                    0x08003b0c   Section        0  input.o(.text)
    .text                                    0x0800421c   Section        0  game.o(.text)
    .text                                    0x08004440   Section        0  rand.o(.text)
    .text                                    0x0800447c   Section        0  heapauxi.o(.text)
    .text                                    0x08004482   Section        0  _rserrno.o(.text)
    .text                                    0x08004498   Section        8  rt_errno_addr_intlibspace.o(.text)
    .text                                    0x080044a0   Section        8  libspace.o(.text)
    .text                                    0x080044a8   Section       74  sys_stackheap_outer.o(.text)
    .text                                    0x080044f2   Section        0  exit.o(.text)
    .text                                    0x080044fe   Section        2  use_no_semi.o(.text)
    .text                                    0x08004500   Section        0  sys_exit.o(.text)
    .text                                    0x08004500   Section        0  indicate_semi.o(.text)
    i.__ARM_fpclassify                       0x0800450c   Section        0  fpclassify.o(i.__ARM_fpclassify)
    i.__kernel_poly                          0x08004534   Section        0  poly.o(i.__kernel_poly)
    i.__mathlib_dbl_divzero                  0x080045e0   Section        0  dunder.o(i.__mathlib_dbl_divzero)
    i.__mathlib_dbl_infnan2                  0x080045f0   Section        0  dunder.o(i.__mathlib_dbl_infnan2)
    i.__mathlib_dbl_invalid                  0x080045f4   Section        0  dunder.o(i.__mathlib_dbl_invalid)
    i.__mathlib_dbl_overflow                 0x08004600   Section        0  dunder.o(i.__mathlib_dbl_overflow)
    i.__mathlib_dbl_underflow                0x08004610   Section        0  dunder.o(i.__mathlib_dbl_underflow)
    i.pow                                    0x08004620   Section        0  pow.o(i.pow)
    i.sqrt                                   0x08004fd8   Section        0  sqrt.o(i.sqrt)
    x$fpl$dadd                               0x08005024   Section      336  daddsub_clz.o(x$fpl$dadd)
    _dadd1                                   0x08005035   Thumb Code     0  daddsub_clz.o(x$fpl$dadd)
    x$fpl$dcheck1                            0x08005174   Section       16  dcheck1.o(x$fpl$dcheck1)
    x$fpl$dcmpinf                            0x08005184   Section       24  dcmpi.o(x$fpl$dcmpinf)
    x$fpl$ddiv                               0x0800519c   Section      688  ddiv.o(x$fpl$ddiv)
    ddiv_entry                               0x080051a3   Thumb Code     0  ddiv.o(x$fpl$ddiv)
    x$fpl$dfix                               0x0800544c   Section       94  dfix.o(x$fpl$dfix)
    x$fpl$dflt                               0x080054aa   Section       46  dflt_clz.o(x$fpl$dflt)
    x$fpl$dleqf                              0x080054d8   Section      120  dleqf.o(x$fpl$dleqf)
    x$fpl$dmul                               0x08005550   Section      340  dmul.o(x$fpl$dmul)
    x$fpl$dnaninf                            0x080056a4   Section      156  dnaninf.o(x$fpl$dnaninf)
    x$fpl$dretinf                            0x08005740   Section       12  dretinf.o(x$fpl$dretinf)
    x$fpl$drleqf                             0x0800574c   Section      108  drleqf.o(x$fpl$drleqf)
    x$fpl$drsb                               0x080057b8   Section       22  daddsub_clz.o(x$fpl$drsb)
    x$fpl$dsqrt                              0x080057d0   Section      460  dsqrt_noumaal.o(x$fpl$dsqrt)
    x$fpl$dsub                               0x0800599c   Section      468  daddsub_clz.o(x$fpl$dsub)
    _dsub1                                   0x080059ad   Thumb Code     0  daddsub_clz.o(x$fpl$dsub)
    x$fpl$fadd                               0x08005b70   Section      196  faddsub_clz.o(x$fpl$fadd)
    _fadd1                                   0x08005b7f   Thumb Code     0  faddsub_clz.o(x$fpl$fadd)
    x$fpl$fdiv                               0x08005c34   Section      388  fdiv.o(x$fpl$fdiv)
    _fdiv1                                   0x08005c35   Thumb Code     0  fdiv.o(x$fpl$fdiv)
    x$fpl$ffixu                              0x08005db8   Section       62  ffixu.o(x$fpl$ffixu)
    x$fpl$ffltu                              0x08005df8   Section       38  fflt_clz.o(x$fpl$ffltu)
    x$fpl$fmul                               0x08005e20   Section      258  fmul.o(x$fpl$fmul)
    x$fpl$fnaninf                            0x08005f22   Section      140  fnaninf.o(x$fpl$fnaninf)
    x$fpl$fretinf                            0x08005fae   Section       10  fretinf.o(x$fpl$fretinf)
    x$fpl$frsb                               0x08005fb8   Section       20  faddsub_clz.o(x$fpl$frsb)
    x$fpl$fsub                               0x08005fcc   Section      234  faddsub_clz.o(x$fpl$fsub)
    _fsub1                                   0x08005fdb   Thumb Code     0  faddsub_clz.o(x$fpl$fsub)
    x$fpl$retnan                             0x080060b6   Section      100  retnan.o(x$fpl$retnan)
    x$fpl$scalbn                             0x0800611a   Section       92  scalbn.o(x$fpl$scalbn)
    x$fpl$trapveneer                         0x08006176   Section       48  trapv.o(x$fpl$trapveneer)
    .constdata                               0x080061a6   Section     1808  ierg3810_tftlcd.o(.constdata)
    x$fpl$usenofp                            0x080061a6   Section        0  usenofp.o(x$fpl$usenofp)
    .constdata                               0x080068b8   Section      136  pow.o(.constdata)
    bp                                       0x080068b8   Data          16  pow.o(.constdata)
    dp_h                                     0x080068c8   Data          16  pow.o(.constdata)
    dp_l                                     0x080068d8   Data          16  pow.o(.constdata)
    L                                        0x080068e8   Data          48  pow.o(.constdata)
    P                                        0x08006918   Data          40  pow.o(.constdata)
    .constdata                               0x08006940   Section        8  qnan.o(.constdata)
    .data                                    0x20000000   Section       20  system_stm32f10x.o(.data)
    .data                                    0x20000014   Section       20  ierg3810_exti.o(.data)
    .data                                    0x20000028   Section      112  main.o(.data)
    .bss                                     0x20000098   Section       24  main.o(.bss)
    .bss                                     0x200000b0   Section      228  rand.o(.bss)
    .bss                                     0x20000194   Section       96  libspace.o(.bss)
    HEAP                                     0x200001f8   Section      512  startup_stm32f10x_hd.o(HEAP)
    Heap_Mem                                 0x200001f8   Data         512  startup_stm32f10x_hd.o(HEAP)
    STACK                                    0x200003f8   Section     1024  startup_stm32f10x_hd.o(STACK)
    Stack_Mem                                0x200003f8   Data        1024  startup_stm32f10x_hd.o(STACK)
    __initial_sp                             0x200007f8   Data           0  startup_stm32f10x_hd.o(STACK)

    Global Symbols

    Symbol Name                              Value     Ov Type        Size  Object(Section)

    BuildAttributes$$THM_ISAv4$P$D$K$B$S$PE$A:L22UL41UL21$X:L11$S22US41US21$IEEE1$IW$USESV6$~STKCKD$USESV7$~SHL$OTIME$ROPI$IEEEX$EBA8$UX$STANDARDLIB$REQ8$PRES8$EABIv2 0x00000000   Number         0  anon$$obj.o ABSOLUTE
    __ARM_use_no_argv                        0x00000000   Number         0  main.o ABSOLUTE
    __ARM_exceptions_init                     - Undefined Weak Reference
    __alloca_initialize                       - Undefined Weak Reference
    __arm_preinit_                            - Undefined Weak Reference
    __cpp_initialize__aeabi_                  - Undefined Weak Reference
    __cxa_finalize                            - Undefined Weak Reference
    __rt_locale                               - Undefined Weak Reference
    __sigvec_lookup                           - Undefined Weak Reference
    _atexit_init                              - Undefined Weak Reference
    _call_atexit_fns                          - Undefined Weak Reference
    _clock_init                               - Undefined Weak Reference
    _fp_trap_init                             - Undefined Weak Reference
    _fp_trap_shutdown                         - Undefined Weak Reference
    _get_lc_collate                           - Undefined Weak Reference
    _get_lc_ctype                             - Undefined Weak Reference
    _get_lc_monetary                          - Undefined Weak Reference
    _get_lc_numeric                           - Undefined Weak Reference
    _get_lc_time                              - Undefined Weak Reference
    _getenv_init                              - Undefined Weak Reference
    _handle_redirection                       - Undefined Weak Reference
    _init_alloc                               - Undefined Weak Reference
    _init_user_alloc                          - Undefined Weak Reference
    _initio                                   - Undefined Weak Reference
    _signal_finish                            - Undefined Weak Reference
    _signal_init                              - Undefined Weak Reference
    _terminate_alloc                          - Undefined Weak Reference
    _terminate_user_alloc                     - Undefined Weak Reference
    _terminateio                              - Undefined Weak Reference
    __Vectors_Size                           0x00000130   Number         0  startup_stm32f10x_hd.o ABSOLUTE
    __Vectors                                0x08000000   Data           4  startup_stm32f10x_hd.o(RESET)
    __Vectors_End                            0x08000130   Data           0  startup_stm32f10x_hd.o(RESET)
    __main                                   0x08000131   Thumb Code     8  __main.o(!!!main)
    __scatterload                            0x08000139   Thumb Code     0  __scatter.o(!!!scatter)
    __scatterload_rt2                        0x08000139   Thumb Code    44  __scatter.o(!!!scatter)
    __scatterload_rt2_thumb_only             0x08000139   Thumb Code     0  __scatter.o(!!!scatter)
    __scatterload_null                       0x08000147   Thumb Code     0  __scatter.o(!!!scatter)
    __scatterload_copy                       0x0800016d   Thumb Code    26  __scatter_copy.o(!!handler_copy)
    __scatterload_zeroinit                   0x08000189   Thumb Code    28  __scatter_zi.o(!!handler_zi)
    __rt_lib_init                            0x080001a5   Thumb Code     0  libinit.o(.ARM.Collect$$libinit$$00000000)
    __rt_lib_init_fp_1                       0x080001a7   Thumb Code     0  libinit2.o(.ARM.Collect$$libinit$$00000002)
    __rt_lib_init_heap_1                     0x080001a7   Thumb Code     0  libinit2.o(.ARM.Collect$$libinit$$0000000A)
    __rt_lib_init_preinit_1                  0x080001a7   Thumb Code     0  libinit2.o(.ARM.Collect$$libinit$$00000004)
    __rt_lib_init_rand_2                     0x080001a7   Thumb Code     0  libinit2.o(.ARM.Collect$$libinit$$0000000D)
    __rt_lib_init_user_alloc_1               0x080001a7   Thumb Code     0  libinit2.o(.ARM.Collect$$libinit$$0000000C)
    __rt_lib_init_alloca_1                   0x080001ab   Thumb Code     0  libinit2.o(.ARM.Collect$$libinit$$0000002E)
    __rt_lib_init_argv_1                     0x080001ab   Thumb Code     0  libinit2.o(.ARM.Collect$$libinit$$0000002C)
    __rt_lib_init_atexit_1                   0x080001ab   Thumb Code     0  libinit2.o(.ARM.Collect$$libinit$$0000001B)
    __rt_lib_init_clock_1                    0x080001ab   Thumb Code     0  libinit2.o(.ARM.Collect$$libinit$$00000021)
    __rt_lib_init_cpp_1                      0x080001ab   Thumb Code     0  libinit2.o(.ARM.Collect$$libinit$$00000032)
    __rt_lib_init_exceptions_1               0x080001ab   Thumb Code     0  libinit2.o(.ARM.Collect$$libinit$$00000030)
    __rt_lib_init_fp_trap_1                  0x080001ab   Thumb Code     0  libinit2.o(.ARM.Collect$$libinit$$0000001F)
    __rt_lib_init_getenv_1                   0x080001ab   Thumb Code     0  libinit2.o(.ARM.Collect$$libinit$$00000023)
    __rt_lib_init_lc_collate_1               0x080001ab   Thumb Code     0  libinit2.o(.ARM.Collect$$libinit$$00000011)
    __rt_lib_init_lc_ctype_1                 0x080001ab   Thumb Code     0  libinit2.o(.ARM.Collect$$libinit$$00000013)
    __rt_lib_init_lc_monetary_1              0x080001ab   Thumb Code     0  libinit2.o(.ARM.Collect$$libinit$$00000015)
    __rt_lib_init_lc_numeric_1               0x080001ab   Thumb Code     0  libinit2.o(.ARM.Collect$$libinit$$00000017)
    __rt_lib_init_lc_time_1                  0x080001ab   Thumb Code     0  libinit2.o(.ARM.Collect$$libinit$$00000019)
    __rt_lib_init_rand_1                     0x080001ab   Thumb Code     0  libinit2.o(.ARM.Collect$$libinit$$0000000E)
    __rt_lib_init_return                     0x080001ab   Thumb Code     0  libinit2.o(.ARM.Collect$$libinit$$00000033)
    __rt_lib_init_signal_1                   0x080001ab   Thumb Code     0  libinit2.o(.ARM.Collect$$libinit$$0000001D)
    __rt_lib_init_stdio_1                    0x080001ab   Thumb Code     0  libinit2.o(.ARM.Collect$$libinit$$00000025)
    __rt_lib_shutdown                        0x080001ad   Thumb Code     0  libshutdown.o(.ARM.Collect$$libshutdown$$00000000)
    __rt_lib_shutdown_fp_trap_1              0x080001af   Thumb Code     0  libshutdown2.o(.ARM.Collect$$libshutdown$$00000006)
    __rt_lib_shutdown_heap_1                 0x080001af   Thumb Code     0  libshutdown2.o(.ARM.Collect$$libshutdown$$0000000E)
    __rt_lib_shutdown_return                 0x080001af   Thumb Code     0  libshutdown2.o(.ARM.Collect$$libshutdown$$0000000F)
    __rt_lib_shutdown_signal_1               0x080001af   Thumb Code     0  libshutdown2.o(.ARM.Collect$$libshutdown$$00000009)
    __rt_lib_shutdown_stdio_1                0x080001af   Thumb Code     0  libshutdown2.o(.ARM.Collect$$libshutdown$$00000003)
    __rt_lib_shutdown_user_alloc_1           0x080001af   Thumb Code     0  libshutdown2.o(.ARM.Collect$$libshutdown$$0000000B)
    __rt_entry                               0x080001b1   Thumb Code     0  __rtentry.o(.ARM.Collect$$rtentry$$00000000)
    __rt_entry_presh_1                       0x080001b1   Thumb Code     0  __rtentry2.o(.ARM.Collect$$rtentry$$00000002)
    __rt_entry_sh                            0x080001b1   Thumb Code     0  __rtentry4.o(.ARM.Collect$$rtentry$$00000004)
    __rt_entry_li                            0x080001b7   Thumb Code     0  __rtentry2.o(.ARM.Collect$$rtentry$$0000000A)
    __rt_entry_postsh_1                      0x080001b7   Thumb Code     0  __rtentry2.o(.ARM.Collect$$rtentry$$00000009)
    __rt_entry_main                          0x080001bb   Thumb Code     0  __rtentry2.o(.ARM.Collect$$rtentry$$0000000D)
    __rt_entry_postli_1                      0x080001bb   Thumb Code     0  __rtentry2.o(.ARM.Collect$$rtentry$$0000000C)
    __rt_exit                                0x080001c3   Thumb Code     0  rtexit.o(.ARM.Collect$$rtexit$$00000000)
    __rt_exit_ls                             0x080001c5   Thumb Code     0  rtexit2.o(.ARM.Collect$$rtexit$$00000003)
    __rt_exit_prels_1                        0x080001c5   Thumb Code     0  rtexit2.o(.ARM.Collect$$rtexit$$00000002)
    __rt_exit_exit                           0x080001c9   Thumb Code     0  rtexit2.o(.ARM.Collect$$rtexit$$00000004)
    rand                                     0x080001d1   Thumb Code    48  rand.o(.emb_text)
    SystemInit                               0x080002e3   Thumb Code    78  system_stm32f10x.o(.text)
    SystemCoreClockUpdate                    0x08000331   Thumb Code   142  system_stm32f10x.o(.text)
    Reset_Handler                            0x080003e5   Thumb Code     8  startup_stm32f10x_hd.o(.text)
    ADC1_2_IRQHandler                        0x080003ff   Thumb Code     0  startup_stm32f10x_hd.o(.text)
    ADC3_IRQHandler                          0x080003ff   Thumb Code     0  startup_stm32f10x_hd.o(.text)
    CAN1_RX1_IRQHandler                      0x080003ff   Thumb Code     0  startup_stm32f10x_hd.o(.text)
    CAN1_SCE_IRQHandler                      0x080003ff   Thumb Code     0  startup_stm32f10x_hd.o(.text)
    DMA1_Channel1_IRQHandler                 0x080003ff   Thumb Code     0  startup_stm32f10x_hd.o(.text)
    DMA1_Channel2_IRQHandler                 0x080003ff   Thumb Code     0  startup_stm32f10x_hd.o(.text)
    DMA1_Channel3_IRQHandler                 0x080003ff   Thumb Code     0  startup_stm32f10x_hd.o(.text)
    DMA1_Channel4_IRQHandler                 0x080003ff   Thumb Code     0  startup_stm32f10x_hd.o(.text)
    DMA1_Channel5_IRQHandler                 0x080003ff   Thumb Code     0  startup_stm32f10x_hd.o(.text)
    DMA1_Channel6_IRQHandler                 0x080003ff   Thumb Code     0  startup_stm32f10x_hd.o(.text)
    DMA1_Channel7_IRQHandler                 0x080003ff   Thumb Code     0  startup_stm32f10x_hd.o(.text)
    DMA2_Channel1_IRQHandler                 0x080003ff   Thumb Code     0  startup_stm32f10x_hd.o(.text)
    DMA2_Channel2_IRQHandler                 0x080003ff   Thumb Code     0  startup_stm32f10x_hd.o(.text)
    DMA2_Channel3_IRQHandler                 0x080003ff   Thumb Code     0  startup_stm32f10x_hd.o(.text)
    DMA2_Channel4_5_IRQHandler               0x080003ff   Thumb Code     0  startup_stm32f10x_hd.o(.text)
    EXTI1_IRQHandler                         0x080003ff   Thumb Code     0  startup_stm32f10x_hd.o(.text)
    EXTI3_IRQHandler                         0x080003ff   Thumb Code     0  startup_stm32f10x_hd.o(.text)
    EXTI4_IRQHandler                         0x080003ff   Thumb Code     0  startup_stm32f10x_hd.o(.text)
    EXTI9_5_IRQHandler                       0x080003ff   Thumb Code     0  startup_stm32f10x_hd.o(.text)
    FLASH_IRQHandler                         0x080003ff   Thumb Code     0  startup_stm32f10x_hd.o(.text)
    FSMC_IRQHandler                          0x080003ff   Thumb Code     0  startup_stm32f10x_hd.o(.text)
    I2C1_ER_IRQHandler                       0x080003ff   Thumb Code     0  startup_stm32f10x_hd.o(.text)
    I2C1_EV_IRQHandler                       0x080003ff   Thumb Code     0  startup_stm32f10x_hd.o(.text)
    I2C2_ER_IRQHandler                       0x080003ff   Thumb Code     0  startup_stm32f10x_hd.o(.text)
    I2C2_EV_IRQHandler                       0x080003ff   Thumb Code     0  startup_stm32f10x_hd.o(.text)
    PVD_IRQHandler                           0x080003ff   Thumb Code     0  startup_stm32f10x_hd.o(.text)
    RCC_IRQHandler                           0x080003ff   Thumb Code     0  startup_stm32f10x_hd.o(.text)
    RTCAlarm_IRQHandler                      0x080003ff   Thumb Code     0  startup_stm32f10x_hd.o(.text)
    RTC_IRQHandler                           0x080003ff   Thumb Code     0  startup_stm32f10x_hd.o(.text)
    SDIO_IRQHandler                          0x080003ff   Thumb Code     0  startup_stm32f10x_hd.o(.text)
    SPI1_IRQHandler                          0x080003ff   Thumb Code     0  startup_stm32f10x_hd.o(.text)
    SPI2_IRQHandler                          0x080003ff   Thumb Code     0  startup_stm32f10x_hd.o(.text)
    SPI3_IRQHandler                          0x080003ff   Thumb Code     0  startup_stm32f10x_hd.o(.text)
    TAMPER_IRQHandler                        0x080003ff   Thumb Code     0  startup_stm32f10x_hd.o(.text)
    TIM1_BRK_IRQHandler                      0x080003ff   Thumb Code     0  startup_stm32f10x_hd.o(.text)
    TIM1_CC_IRQHandler                       0x080003ff   Thumb Code     0  startup_stm32f10x_hd.o(.text)
    TIM1_TRG_COM_IRQHandler                  0x080003ff   Thumb Code     0  startup_stm32f10x_hd.o(.text)
    TIM1_UP_IRQHandler                       0x080003ff   Thumb Code     0  startup_stm32f10x_hd.o(.text)
    TIM2_IRQHandler                          0x080003ff   Thumb Code     0  startup_stm32f10x_hd.o(.text)
    TIM5_IRQHandler                          0x080003ff   Thumb Code     0  startup_stm32f10x_hd.o(.text)
    TIM6_IRQHandler                          0x080003ff   Thumb Code     0  startup_stm32f10x_hd.o(.text)
    TIM7_IRQHandler                          0x080003ff   Thumb Code     0  startup_stm32f10x_hd.o(.text)
    TIM8_BRK_IRQHandler                      0x080003ff   Thumb Code     0  startup_stm32f10x_hd.o(.text)
    TIM8_CC_IRQHandler                       0x080003ff   Thumb Code     0  startup_stm32f10x_hd.o(.text)
    TIM8_TRG_COM_IRQHandler                  0x080003ff   Thumb Code     0  startup_stm32f10x_hd.o(.text)
    TIM8_UP_IRQHandler                       0x080003ff   Thumb Code     0  startup_stm32f10x_hd.o(.text)
    UART4_IRQHandler                         0x080003ff   Thumb Code     0  startup_stm32f10x_hd.o(.text)
    UART5_IRQHandler                         0x080003ff   Thumb Code     0  startup_stm32f10x_hd.o(.text)
    USART1_IRQHandler                        0x080003ff   Thumb Code     0  startup_stm32f10x_hd.o(.text)
    USART2_IRQHandler                        0x080003ff   Thumb Code     0  startup_stm32f10x_hd.o(.text)
    USART3_IRQHandler                        0x080003ff   Thumb Code     0  startup_stm32f10x_hd.o(.text)
    USBWakeUp_IRQHandler                     0x080003ff   Thumb Code     0  startup_stm32f10x_hd.o(.text)
    USB_HP_CAN1_TX_IRQHandler                0x080003ff   Thumb Code     0  startup_stm32f10x_hd.o(.text)
    USB_LP_CAN1_RX0_IRQHandler               0x080003ff   Thumb Code     0  startup_stm32f10x_hd.o(.text)
    WWDG_IRQHandler                          0x080003ff   Thumb Code     0  startup_stm32f10x_hd.o(.text)
    __user_initial_stackheap                 0x08000401   Thumb Code     0  startup_stm32f10x_hd.o(.text)
    IERG3810_Buzzer_Init                     0x08000425   Thumb Code    36  ierg3810_buzzer.o(.text)
    IERG3810_Buzzer_On                       0x08000449   Thumb Code    12  ierg3810_buzzer.o(.text)
    IERG3810_Buzzer_Off                      0x08000455   Thumb Code    12  ierg3810_buzzer.o(.text)
    IERG3810_KEY_Init                        0x08000469   Thumb Code   170  ierg3810_key.o(.text)
    IERG3810_KEYUP_Pressed                   0x08000513   Thumb Code    12  ierg3810_key.o(.text)
    IERG3810_KEY0_Pressed                    0x0800051f   Thumb Code    14  ierg3810_key.o(.text)
    IERG3810_KEY1_Pressed                    0x0800052d   Thumb Code    14  ierg3810_key.o(.text)
    IERG3810_KEY2_Pressed                    0x0800053b   Thumb Code    14  ierg3810_key.o(.text)
    IERG3810_LED_Init                        0x08000555   Thumb Code    82  ierg3810_led.o(.text)
    IERG3810_DS0_On                          0x080005a7   Thumb Code    10  ierg3810_led.o(.text)
    IERG3810_DS0_Off                         0x080005b1   Thumb Code    10  ierg3810_led.o(.text)
    IERG3810_DS1_On                          0x080005bb   Thumb Code    10  ierg3810_led.o(.text)
    IERG3810_DS1_Off                         0x080005c5   Thumb Code    10  ierg3810_led.o(.text)
    IERG3810_clock_tree_init                 0x080005dd   Thumb Code   146  ierg3810_clock.o(.text)
    IERG3810_USART1_init                     0x08000681   Thumb Code   180  ierg3810_usart.o(.text)
    IERG3810_USART2_init                     0x08000735   Thumb Code   184  ierg3810_usart.o(.text)
    USART_print                              0x080007ed   Thumb Code    82  ierg3810_usart.o(.text)
    IERG3810_TFTLCD_WrReg                    0x08000855   Thumb Code     6  ierg3810_tftlcd.o(.text)
    IERG3810_TFTLCD_WrData                   0x0800085b   Thumb Code     8  ierg3810_tftlcd.o(.text)
    IERG3810_TFTLCD_SetParameter             0x08000863   Thumb Code    46  ierg3810_tftlcd.o(.text)
    IERG3810_TFTLCD_Init                     0x08000891   Thumb Code   336  ierg3810_tftlcd.o(.text)
    IERG3810_TFTLCD_DrawDot                  0x080009e1   Thumb Code    80  ierg3810_tftlcd.o(.text)
    IERG3810_TFTLCD_FillRectangle            0x08000a31   Thumb Code   118  ierg3810_tftlcd.o(.text)
    IERG3810_TFTLCD_SevenSegment             0x08000aa7   Thumb Code   318  ierg3810_tftlcd.o(.text)
    IERG3810_TFTLCD_ShowChar                 0x08000be5   Thumb Code   268  ierg3810_tftlcd.o(.text)
    IERG3810_TFTLCD_ShowChinChar             0x08000cf1   Thumb Code   218  ierg3810_tftlcd.o(.text)
    IERG3810_TFTLCD_ShowChar_NF              0x08000dcb   Thumb Code   146  ierg3810_tftlcd.o(.text)
    IERG3810_TFTLCD_ShowChinChar_NF          0x08000e5d   Thumb Code   130  ierg3810_tftlcd.o(.text)
    IERG3810_TFTLCD_ShowSpecial_NF           0x08000edf   Thumb Code   130  ierg3810_tftlcd.o(.text)
    IERG3810_NVIC_SetPriorityGroup           0x08000f6d   Thumb Code    28  ierg3810_exti.o(.text)
    IERG3810_key2_ExtiInit                   0x08000f89   Thumb Code   136  ierg3810_exti.o(.text)
    EXTI2_IRQHandler                         0x08001011   Thumb Code    10  ierg3810_exti.o(.text)
    IERG3810_keyUP_ExtiInit                  0x0800101b   Thumb Code   130  ierg3810_exti.o(.text)
    EXTI0_IRQHandler                         0x0800109d   Thumb Code    62  ierg3810_exti.o(.text)
    IERG3810_PS2key_ExtiInit                 0x080010db   Thumb Code   134  ierg3810_exti.o(.text)
    EXTI15_10_IRQHandler                     0x08001161   Thumb Code    76  ierg3810_exti.o(.text)
    IERG3810_TIM3_Init                       0x08001205   Thumb Code    76  ierg3810_tim.o(.text)
    TIM3_IRQHandler                          0x08001251   Thumb Code    42  ierg3810_tim.o(.text)
    IERG3810_TIM4_Init                       0x0800127b   Thumb Code    78  ierg3810_tim.o(.text)
    TIM4_IRQHandler                          0x080012c9   Thumb Code    42  ierg3810_tim.o(.text)
    DS0_turnOff                              0x080012f3   Thumb Code    10  ierg3810_tim.o(.text)
    DS0_turnOff2                             0x080012fd   Thumb Code     8  ierg3810_tim.o(.text)
    IERG3810_SYSTICK_Init10ms                0x08001305   Thumb Code    24  ierg3810_tim.o(.text)
    IERG3810_TIM3_PwmInit                    0x0800131d   Thumb Code   154  ierg3810_tim.o(.text)
    main                                     0x080013dd   Thumb Code   196  main.o(.text)
    NMI_Handler                              0x080014d1   Thumb Code     2  stm32f10x_it.o(.text)
    HardFault_Handler                        0x080014d3   Thumb Code     4  stm32f10x_it.o(.text)
    MemManage_Handler                        0x080014d7   Thumb Code     4  stm32f10x_it.o(.text)
    BusFault_Handler                         0x080014db   Thumb Code     4  stm32f10x_it.o(.text)
    UsageFault_Handler                       0x080014df   Thumb Code     4  stm32f10x_it.o(.text)
    SVC_Handler                              0x080014e3   Thumb Code     2  stm32f10x_it.o(.text)
    DebugMon_Handler                         0x080014e5   Thumb Code     2  stm32f10x_it.o(.text)
    PendSV_Handler                           0x080014e7   Thumb Code     2  stm32f10x_it.o(.text)
    SysTick_Handler                          0x080014e9   Thumb Code    12  stm32f10x_it.o(.text)
    Delay                                    0x080014f9   Thumb Code    12  board.o(.text)
    getNumOfDigit                            0x08001505   Thumb Code    40  calculate.o(.text)
    getFirstDigit                            0x0800152d   Thumb Code    40  calculate.o(.text)
    doOpt                                    0x08001555   Thumb Code    48  calculate.o(.text)
    genEqt                                   0x08001585   Thumb Code   206  calculate.o(.text)
    cleanScreen                              0x08001671   Thumb Code    24  display.o(.text)
    printStartScreen                         0x08001689   Thumb Code  1890  display.o(.text)
    printRule                                0x08001deb   Thumb Code  3906  display.o(.text)
    printInt                                 0x08002d2d   Thumb Code   218  display.o(.text)
    printOpt                                 0x08002e07   Thumb Code   178  display.o(.text)
    printEqt                                 0x08002eb9   Thumb Code   208  display.o(.text)
    printUpperPanel                          0x08002f89   Thumb Code   334  display.o(.text)
    printMainScreen                          0x080030d7   Thumb Code   294  display.o(.text)
    printPlayerIcon                          0x080031fd   Thumb Code    40  display.o(.text)
    printLowerPanel                          0x08003225   Thumb Code   476  display.o(.text)
    printEndGame                             0x08003401   Thumb Code  1216  display.o(.text)
    printHint                                0x080038c1   Thumb Code    90  display.o(.text)
    printStop                                0x0800391b   Thumb Code   100  display.o(.text)
    printInt_USART                           0x080039ad   Thumb Code   118  display_usart.o(.text)
    printOpt_USART                           0x08003a23   Thumb Code    80  display_usart.o(.text)
    printEqt_USART                           0x08003a73   Thumb Code    94  display_usart.o(.text)
    checkTimeout                             0x08003b0d   Thumb Code    76  input.o(.text)
    checkKeyboardInput                       0x08003b59   Thumb Code   708  input.o(.text)
    checkState0KeyInput                      0x08003e1d   Thumb Code   140  input.o(.text)
    checkState1KeyInput                      0x08003ea9   Thumb Code   328  input.o(.text)
    checkState2KeyInput                      0x08003ff1   Thumb Code    68  input.o(.text)
    checkAns                                 0x08004035   Thumb Code   366  input.o(.text)
    Game_Init                                0x0800421d   Thumb Code    52  game.o(.text)
    clearInput                               0x08004251   Thumb Code    34  game.o(.text)
    Question_Init                            0x08004273   Thumb Code   154  game.o(.text)
    restartGame                              0x0800430d   Thumb Code    94  game.o(.text)
    resetGame                                0x0800436b   Thumb Code    94  game.o(.text)
    srand                                    0x08004441   Thumb Code    42  rand.o(.text)
    _rand_init                               0x0800446b   Thumb Code     4  rand.o(.text)
    __use_two_region_memory                  0x0800447d   Thumb Code     2  heapauxi.o(.text)
    __rt_heap_escrow$2region                 0x0800447f   Thumb Code     2  heapauxi.o(.text)
    __rt_heap_expand$2region                 0x08004481   Thumb Code     2  heapauxi.o(.text)
    __read_errno                             0x08004483   Thumb Code    10  _rserrno.o(.text)
    __set_errno                              0x0800448d   Thumb Code    12  _rserrno.o(.text)
    __aeabi_errno_addr                       0x08004499   Thumb Code     8  rt_errno_addr_intlibspace.o(.text)
    __errno$intlibspace                      0x08004499   Thumb Code     0  rt_errno_addr_intlibspace.o(.text)
    __rt_errno_addr$intlibspace              0x08004499   Thumb Code     0  rt_errno_addr_intlibspace.o(.text)
    __user_libspace                          0x080044a1   Thumb Code     8  libspace.o(.text)
    __user_perproc_libspace                  0x080044a1   Thumb Code     0  libspace.o(.text)
    __user_perthread_libspace                0x080044a1   Thumb Code     0  libspace.o(.text)
    __user_setup_stackheap                   0x080044a9   Thumb Code    74  sys_stackheap_outer.o(.text)
    exit                                     0x080044f3   Thumb Code    12  exit.o(.text)
    __I$use$semihosting                      0x080044ff   Thumb Code     0  use_no_semi.o(.text)
    __use_no_semihosting_swi                 0x080044ff   Thumb Code     2  use_no_semi.o(.text)
    __semihosting_library_function           0x08004501   Thumb Code     0  indicate_semi.o(.text)
    _sys_exit                                0x08004501   Thumb Code     8  sys_exit.o(.text)
    __ARM_fpclassify                         0x0800450d   Thumb Code    40  fpclassify.o(i.__ARM_fpclassify)
    __kernel_poly                            0x08004535   Thumb Code   170  poly.o(i.__kernel_poly)
    __mathlib_dbl_divzero                    0x080045e1   Thumb Code    12  dunder.o(i.__mathlib_dbl_divzero)
    __mathlib_dbl_infnan2                    0x080045f1   Thumb Code     4  dunder.o(i.__mathlib_dbl_infnan2)
    __mathlib_dbl_invalid                    0x080045f5   Thumb Code    12  dunder.o(i.__mathlib_dbl_invalid)
    __mathlib_dbl_overflow                   0x08004601   Thumb Code    14  dunder.o(i.__mathlib_dbl_overflow)
    __mathlib_dbl_underflow                  0x08004611   Thumb Code    10  dunder.o(i.__mathlib_dbl_underflow)
    pow                                      0x08004621   Thumb Code  2478  pow.o(i.pow)
    sqrt                                     0x08004fd9   Thumb Code    76  sqrt.o(i.sqrt)
    __aeabi_dadd                             0x08005025   Thumb Code     0  daddsub_clz.o(x$fpl$dadd)
    _dadd                                    0x08005025   Thumb Code   332  daddsub_clz.o(x$fpl$dadd)
    __fpl_dcheck_NaN1                        0x08005175   Thumb Code    10  dcheck1.o(x$fpl$dcheck1)
    __fpl_dcmp_Inf                           0x08005185   Thumb Code    24  dcmpi.o(x$fpl$dcmpinf)
    __aeabi_ddiv                             0x0800519d   Thumb Code     0  ddiv.o(x$fpl$ddiv)
    _ddiv                                    0x0800519d   Thumb Code   552  ddiv.o(x$fpl$ddiv)
    __aeabi_d2iz                             0x0800544d   Thumb Code     0  dfix.o(x$fpl$dfix)
    _dfix                                    0x0800544d   Thumb Code    94  dfix.o(x$fpl$dfix)
    __aeabi_i2d                              0x080054ab   Thumb Code     0  dflt_clz.o(x$fpl$dflt)
    _dflt                                    0x080054ab   Thumb Code    46  dflt_clz.o(x$fpl$dflt)
    __aeabi_cdcmple                          0x080054d9   Thumb Code     0  dleqf.o(x$fpl$dleqf)
    _dcmple                                  0x080054d9   Thumb Code   120  dleqf.o(x$fpl$dleqf)
    __fpl_dcmple_InfNaN                      0x0800553b   Thumb Code     0  dleqf.o(x$fpl$dleqf)
    __aeabi_dmul                             0x08005551   Thumb Code     0  dmul.o(x$fpl$dmul)
    _dmul                                    0x08005551   Thumb Code   332  dmul.o(x$fpl$dmul)
    __fpl_dnaninf                            0x080056a5   Thumb Code   156  dnaninf.o(x$fpl$dnaninf)
    __fpl_dretinf                            0x08005741   Thumb Code    12  dretinf.o(x$fpl$dretinf)
    __aeabi_cdrcmple                         0x0800574d   Thumb Code     0  drleqf.o(x$fpl$drleqf)
    _drcmple                                 0x0800574d   Thumb Code   108  drleqf.o(x$fpl$drleqf)
    __aeabi_drsub                            0x080057b9   Thumb Code     0  daddsub_clz.o(x$fpl$drsb)
    _drsb                                    0x080057b9   Thumb Code    22  daddsub_clz.o(x$fpl$drsb)
    _dsqrt                                   0x080057d1   Thumb Code   456  dsqrt_noumaal.o(x$fpl$dsqrt)
    __aeabi_dsub                             0x0800599d   Thumb Code     0  daddsub_clz.o(x$fpl$dsub)
    _dsub                                    0x0800599d   Thumb Code   464  daddsub_clz.o(x$fpl$dsub)
    __aeabi_fadd                             0x08005b71   Thumb Code     0  faddsub_clz.o(x$fpl$fadd)
    _fadd                                    0x08005b71   Thumb Code   196  faddsub_clz.o(x$fpl$fadd)
    __aeabi_fdiv                             0x08005c35   Thumb Code     0  fdiv.o(x$fpl$fdiv)
    _fdiv                                    0x08005c35   Thumb Code   384  fdiv.o(x$fpl$fdiv)
    __aeabi_f2uiz                            0x08005db9   Thumb Code     0  ffixu.o(x$fpl$ffixu)
    _ffixu                                   0x08005db9   Thumb Code    62  ffixu.o(x$fpl$ffixu)
    __aeabi_ui2f                             0x08005df9   Thumb Code     0  fflt_clz.o(x$fpl$ffltu)
    _ffltu                                   0x08005df9   Thumb Code    38  fflt_clz.o(x$fpl$ffltu)
    __aeabi_fmul                             0x08005e21   Thumb Code     0  fmul.o(x$fpl$fmul)
    _fmul                                    0x08005e21   Thumb Code   258  fmul.o(x$fpl$fmul)
    __fpl_fnaninf                            0x08005f23   Thumb Code   140  fnaninf.o(x$fpl$fnaninf)
    __fpl_fretinf                            0x08005faf   Thumb Code    10  fretinf.o(x$fpl$fretinf)
    __aeabi_frsub                            0x08005fb9   Thumb Code     0  faddsub_clz.o(x$fpl$frsb)
    _frsb                                    0x08005fb9   Thumb Code    20  faddsub_clz.o(x$fpl$frsb)
    __aeabi_fsub                             0x08005fcd   Thumb Code     0  faddsub_clz.o(x$fpl$fsub)
    _fsub                                    0x08005fcd   Thumb Code   234  faddsub_clz.o(x$fpl$fsub)
    __fpl_return_NaN                         0x080060b7   Thumb Code   100  retnan.o(x$fpl$retnan)
    __ARM_scalbn                             0x0800611b   Thumb Code    92  scalbn.o(x$fpl$scalbn)
    __fpl_cmpreturn                          0x08006177   Thumb Code    48  trapv.o(x$fpl$trapveneer)
    __I$use$fp                               0x080061a6   Number         0  usenofp.o(x$fpl$usenofp)
    asc2_1608                                0x080061a6   Data        1520  ierg3810_tftlcd.o(.constdata)
    chi_1616                                 0x08006796   Data         192  ierg3810_tftlcd.o(.constdata)
    special_1616                             0x08006856   Data          96  ierg3810_tftlcd.o(.constdata)
    __mathlib_zero                           0x08006940   Data           8  qnan.o(.constdata)
    Region$$Table$$Base                      0x08006948   Number         0  anon$$obj.o(Region$$Table)
    Region$$Table$$Limit                     0x08006968   Number         0  anon$$obj.o(Region$$Table)
    SystemCoreClock                          0x20000000   Data           4  system_stm32f10x.o(.data)
    AHBPrescTable                            0x20000004   Data          16  system_stm32f10x.o(.data)
    timeout                                  0x20000014   Data           4  ierg3810_exti.o(.data)
    ps2key                                   0x20000018   Data           4  ierg3810_exti.o(.data)
    ps2count                                 0x2000001c   Data           4  ierg3810_exti.o(.data)
    ps2dataReady                             0x20000020   Data           1  ierg3810_exti.o(.data)
    readkey                                  0x20000024   Data           4  ierg3810_exti.o(.data)
    task1HeartBeat                           0x20000028   Data           1  main.o(.data)
    count                                    0x2000002c   Data           4  main.o(.data)
    state                                    0x20000030   Data           4  main.o(.data)
    diff                                     0x20000034   Data           4  main.o(.data)
    score                                    0x20000038   Data           4  main.o(.data)
    skill                                    0x2000003c   Data           4  main.o(.data)
    life                                     0x20000040   Data           4  main.o(.data)
    ruleDisplayed                            0x20000044   Data           4  main.o(.data)
    hintDisplayed                            0x20000048   Data           4  main.o(.data)
    solved                                   0x2000004c   Data           4  main.o(.data)
    rocketMove                               0x20000050   Data           4  main.o(.data)
    refreshPending                           0x20000054   Data           4  main.o(.data)
    left                                     0x20000058   Data           4  main.o(.data)
    mid                                      0x2000005c   Data           4  main.o(.data)
    right                                    0x20000060   Data           4  main.o(.data)
    opt1                                     0x20000064   Data           4  main.o(.data)
    opt2                                     0x20000068   Data           4  main.o(.data)
    ans                                      0x2000006c   Data           4  main.o(.data)
    color                                    0x20000070   Data           2  main.o(.data)
    bgcolor                                  0x20000072   Data           2  main.o(.data)
    player_pos                               0x20000074   Data           4  main.o(.data)
    block_pos                                0x20000078   Data           4  main.o(.data)
    block_end                                0x2000007c   Data           4  main.o(.data)
    input_pos                                0x20000080   Data           4  main.o(.data)
    rocket_x                                 0x20000084   Data           4  main.o(.data)
    rocket_y                                 0x20000088   Data           4  main.o(.data)
    ans_defaultX                             0x2000008c   Data           4  main.o(.data)
    ans_actualX                              0x20000090   Data           4  main.o(.data)
    ans_maxX                                 0x20000094   Data           4  main.o(.data)
    input                                    0x20000098   Data          24  main.o(.bss)
    _random_number_data                      0x200000b0   Data         228  rand.o(.bss)
    __libspace_start                         0x20000194   Data          96  libspace.o(.bss)
    __temporary_stack_top$libspace           0x200001f4   Data           0  libspace.o(.bss)



==============================================================================

Memory Map of the image

  Image Entry point : 0x080003e5

  Load Region LR_1 (Base: 0x08000000, Size: 0x00006a00, Max: 0xffffffff, ABSOLUTE)

    Execution Region ER_RO (Base: 0x08000000, Size: 0x00006968, Max: 0xffffffff, ABSOLUTE)

    Base Addr    Size         Type   Attr      Idx    E Section Name        Object

    0x08000000   0x00000130   Data   RO          417    RESET               startup_stm32f10x_hd.o
    0x08000130   0x00000008   Code   RO          685  * !!!main             c_w.l(__main.o)
    0x08000138   0x00000034   Code   RO          954    !!!scatter          c_w.l(__scatter.o)
    0x0800016c   0x0000001a   Code   RO          956    !!handler_copy      c_w.l(__scatter_copy.o)
    0x08000186   0x00000002   PAD
    0x08000188   0x0000001c   Code   RO          958    !!handler_zi        c_w.l(__scatter_zi.o)
    0x080001a4   0x00000002   Code   RO          875    .ARM.Collect$$libinit$$00000000  c_w.l(libinit.o)
    0x080001a6   0x00000000   Code   RO          741    .ARM.Collect$$libinit$$00000002  c_w.l(libinit2.o)
    0x080001a6   0x00000000   Code   RO          743    .ARM.Collect$$libinit$$00000004  c_w.l(libinit2.o)
    0x080001a6   0x00000000   Code   RO          746    .ARM.Collect$$libinit$$0000000A  c_w.l(libinit2.o)
    0x080001a6   0x00000000   Code   RO          748    .ARM.Collect$$libinit$$0000000C  c_w.l(libinit2.o)
    0x080001a6   0x00000004   Code   RO          749    .ARM.Collect$$libinit$$0000000D  c_w.l(libinit2.o)
    0x080001aa   0x00000000   Code   RO          750    .ARM.Collect$$libinit$$0000000E  c_w.l(libinit2.o)
    0x080001aa   0x00000000   Code   RO          753    .ARM.Collect$$libinit$$00000011  c_w.l(libinit2.o)
    0x080001aa   0x00000000   Code   RO          755    .ARM.Collect$$libinit$$00000013  c_w.l(libinit2.o)
    0x080001aa   0x00000000   Code   RO          757    .ARM.Collect$$libinit$$00000015  c_w.l(libinit2.o)
    0x080001aa   0x00000000   Code   RO          759    .ARM.Collect$$libinit$$00000017  c_w.l(libinit2.o)
    0x080001aa   0x00000000   Code   RO          761    .ARM.Collect$$libinit$$00000019  c_w.l(libinit2.o)
    0x080001aa   0x00000000   Code   RO          763    .ARM.Collect$$libinit$$0000001B  c_w.l(libinit2.o)
    0x080001aa   0x00000000   Code   RO          765    .ARM.Collect$$libinit$$0000001D  c_w.l(libinit2.o)
    0x080001aa   0x00000000   Code   RO          767    .ARM.Collect$$libinit$$0000001F  c_w.l(libinit2.o)
    0x080001aa   0x00000000   Code   RO          769    .ARM.Collect$$libinit$$00000021  c_w.l(libinit2.o)
    0x080001aa   0x00000000   Code   RO          771    .ARM.Collect$$libinit$$00000023  c_w.l(libinit2.o)
    0x080001aa   0x00000000   Code   RO          773    .ARM.Collect$$libinit$$00000025  c_w.l(libinit2.o)
    0x080001aa   0x00000000   Code   RO          777    .ARM.Collect$$libinit$$0000002C  c_w.l(libinit2.o)
    0x080001aa   0x00000000   Code   RO          779    .ARM.Collect$$libinit$$0000002E  c_w.l(libinit2.o)
    0x080001aa   0x00000000   Code   RO          781    .ARM.Collect$$libinit$$00000030  c_w.l(libinit2.o)
    0x080001aa   0x00000000   Code   RO          783    .ARM.Collect$$libinit$$00000032  c_w.l(libinit2.o)
    0x080001aa   0x00000002   Code   RO          784    .ARM.Collect$$libinit$$00000033  c_w.l(libinit2.o)
    0x080001ac   0x00000002   Code   RO          916    .ARM.Collect$$libshutdown$$00000000  c_w.l(libshutdown.o)
    0x080001ae   0x00000000   Code   RO          923    .ARM.Collect$$libshutdown$$00000003  c_w.l(libshutdown2.o)
    0x080001ae   0x00000000   Code   RO          926    .ARM.Collect$$libshutdown$$00000006  c_w.l(libshutdown2.o)
    0x080001ae   0x00000000   Code   RO          929    .ARM.Collect$$libshutdown$$00000009  c_w.l(libshutdown2.o)
    0x080001ae   0x00000000   Code   RO          931    .ARM.Collect$$libshutdown$$0000000B  c_w.l(libshutdown2.o)
    0x080001ae   0x00000000   Code   RO          934    .ARM.Collect$$libshutdown$$0000000E  c_w.l(libshutdown2.o)
    0x080001ae   0x00000002   Code   RO          935    .ARM.Collect$$libshutdown$$0000000F  c_w.l(libshutdown2.o)
    0x080001b0   0x00000000   Code   RO          737    .ARM.Collect$$rtentry$$00000000  c_w.l(__rtentry.o)
    0x080001b0   0x00000000   Code   RO          830    .ARM.Collect$$rtentry$$00000002  c_w.l(__rtentry2.o)
    0x080001b0   0x00000006   Code   RO          842    .ARM.Collect$$rtentry$$00000004  c_w.l(__rtentry4.o)
    0x080001b6   0x00000000   Code   RO          832    .ARM.Collect$$rtentry$$00000009  c_w.l(__rtentry2.o)
    0x080001b6   0x00000004   Code   RO          833    .ARM.Collect$$rtentry$$0000000A  c_w.l(__rtentry2.o)
    0x080001ba   0x00000000   Code   RO          835    .ARM.Collect$$rtentry$$0000000C  c_w.l(__rtentry2.o)
    0x080001ba   0x00000008   Code   RO          836    .ARM.Collect$$rtentry$$0000000D  c_w.l(__rtentry2.o)
    0x080001c2   0x00000002   Code   RO          882    .ARM.Collect$$rtexit$$00000000  c_w.l(rtexit.o)
    0x080001c4   0x00000000   Code   RO          896    .ARM.Collect$$rtexit$$00000002  c_w.l(rtexit2.o)
    0x080001c4   0x00000004   Code   RO          897    .ARM.Collect$$rtexit$$00000003  c_w.l(rtexit2.o)
    0x080001c8   0x00000006   Code   RO          898    .ARM.Collect$$rtexit$$00000004  c_w.l(rtexit2.o)
    0x080001ce   0x00000002   PAD
    0x080001d0   0x00000034   Code   RO          678    .emb_text           c_w.l(rand.o)
    0x08000204   0x000001e0   Code   RO          378    .text               system_stm32f10x.o
    0x080003e4   0x00000040   Code   RO          418  * .text               startup_stm32f10x_hd.o
    0x08000424   0x00000044   Code   RO          422    .text               ierg3810_buzzer.o
    0x08000468   0x000000ec   Code   RO          434    .text               ierg3810_key.o
    0x08000554   0x00000088   Code   RO          446    .text               ierg3810_led.o
    0x080005dc   0x000000a4   Code   RO          458    .text               ierg3810_clock.o
    0x08000680   0x000001d4   Code   RO          470    .text               ierg3810_usart.o
    0x08000854   0x00000718   Code   RO          482    .text               ierg3810_tftlcd.o
    0x08000f6c   0x00000298   Code   RO          506    .text               ierg3810_exti.o
    0x08001204   0x000001d8   Code   RO          531    .text               ierg3810_tim.o
    0x080013dc   0x000000f4   Code   RO          546    .text               main.o
    0x080014d0   0x00000028   Code   RO          585    .text               stm32f10x_it.o
    0x080014f8   0x0000000c   Code   RO          604    .text               board.o
    0x08001504   0x0000016c   Code   RO          616    .text               calculate.o
    0x08001670   0x0000233c   Code   RO          628    .text               display.o
    0x080039ac   0x00000160   Code   RO          640    .text               display_usart.o
    0x08003b0c   0x00000710   Code   RO          652    .text               input.o
    0x0800421c   0x00000224   Code   RO          664    .text               game.o
    0x08004440   0x0000003c   Code   RO          679    .text               c_w.l(rand.o)
    0x0800447c   0x00000006   Code   RO          683    .text               c_w.l(heapauxi.o)
    0x08004482   0x00000016   Code   RO          738    .text               c_w.l(_rserrno.o)
    0x08004498   0x00000008   Code   RO          847    .text               c_w.l(rt_errno_addr_intlibspace.o)
    0x080044a0   0x00000008   Code   RO          859    .text               c_w.l(libspace.o)
    0x080044a8   0x0000004a   Code   RO          862    .text               c_w.l(sys_stackheap_outer.o)
    0x080044f2   0x0000000c   Code   RO          864    .text               c_w.l(exit.o)
    0x080044fe   0x00000002   Code   RO          892    .text               c_w.l(use_no_semi.o)
    0x08004500   0x00000000   Code   RO          894    .text               c_w.l(indicate_semi.o)
    0x08004500   0x0000000c   Code   RO          908    .text               c_w.l(sys_exit.o)
    0x0800450c   0x00000028   Code   RO          816    i.__ARM_fpclassify  m_ws.l(fpclassify.o)
    0x08004534   0x000000aa   Code   RO          818    i.__kernel_poly     m_ws.l(poly.o)
    0x080045de   0x00000002   PAD
    0x080045e0   0x00000010   Code   RO          802    i.__mathlib_dbl_divzero  m_ws.l(dunder.o)
    0x080045f0   0x00000004   Code   RO          804    i.__mathlib_dbl_infnan2  m_ws.l(dunder.o)
    0x080045f4   0x0000000c   Code   RO          805    i.__mathlib_dbl_invalid  m_ws.l(dunder.o)
    0x08004600   0x0000000e   Code   RO          806    i.__mathlib_dbl_overflow  m_ws.l(dunder.o)
    0x0800460e   0x00000002   PAD
    0x08004610   0x00000010   Code   RO          808    i.__mathlib_dbl_underflow  m_ws.l(dunder.o)
    0x08004620   0x000009b8   Code   RO          728    i.pow               m_ws.l(pow.o)
    0x08004fd8   0x0000004c   Code   RO          822    i.sqrt              m_ws.l(sqrt.o)
    0x08005024   0x00000150   Code   RO          687    x$fpl$dadd          fz_ws.l(daddsub_clz.o)
    0x08005174   0x00000010   Code   RO          851    x$fpl$dcheck1       fz_ws.l(dcheck1.o)
    0x08005184   0x00000018   Code   RO          876    x$fpl$dcmpinf       fz_ws.l(dcmpi.o)
    0x0800519c   0x000002b0   Code   RO          786    x$fpl$ddiv          fz_ws.l(ddiv.o)
    0x0800544c   0x0000005e   Code   RO          693    x$fpl$dfix          fz_ws.l(dfix.o)
    0x080054aa   0x0000002e   Code   RO          698    x$fpl$dflt          fz_ws.l(dflt_clz.o)
    0x080054d8   0x00000078   Code   RO          853    x$fpl$dleqf         fz_ws.l(dleqf.o)
    0x08005550   0x00000154   Code   RO          703    x$fpl$dmul          fz_ws.l(dmul.o)
    0x080056a4   0x0000009c   Code   RO          789    x$fpl$dnaninf       fz_ws.l(dnaninf.o)
    0x08005740   0x0000000c   Code   RO          791    x$fpl$dretinf       fz_ws.l(dretinf.o)
    0x0800574c   0x0000006c   Code   RO          793    x$fpl$drleqf        fz_ws.l(drleqf.o)
    0x080057b8   0x00000016   Code   RO          688    x$fpl$drsb          fz_ws.l(daddsub_clz.o)
    0x080057ce   0x00000002   PAD
    0x080057d0   0x000001cc   Code   RO          855    x$fpl$dsqrt         fz_ws.l(dsqrt_noumaal.o)
    0x0800599c   0x000001d4   Code   RO          689    x$fpl$dsub          fz_ws.l(daddsub_clz.o)
    0x08005b70   0x000000c4   Code   RO          705    x$fpl$fadd          fz_ws.l(faddsub_clz.o)
    0x08005c34   0x00000184   Code   RO          712    x$fpl$fdiv          fz_ws.l(fdiv.o)
    0x08005db8   0x0000003e   Code   RO          715    x$fpl$ffixu         fz_ws.l(ffixu.o)
    0x08005df6   0x00000002   PAD
    0x08005df8   0x00000026   Code   RO          719    x$fpl$ffltu         fz_ws.l(fflt_clz.o)
    0x08005e1e   0x00000002   PAD
    0x08005e20   0x00000102   Code   RO          725    x$fpl$fmul          fz_ws.l(fmul.o)
    0x08005f22   0x0000008c   Code   RO          795    x$fpl$fnaninf       fz_ws.l(fnaninf.o)
    0x08005fae   0x0000000a   Code   RO          797    x$fpl$fretinf       fz_ws.l(fretinf.o)
    0x08005fb8   0x00000014   Code   RO          706    x$fpl$frsb          fz_ws.l(faddsub_clz.o)
    0x08005fcc   0x000000ea   Code   RO          707    x$fpl$fsub          fz_ws.l(faddsub_clz.o)
    0x080060b6   0x00000064   Code   RO          878    x$fpl$retnan        fz_ws.l(retnan.o)
    0x0800611a   0x0000005c   Code   RO          799    x$fpl$scalbn        fz_ws.l(scalbn.o)
    0x08006176   0x00000030   Code   RO          890    x$fpl$trapveneer    fz_ws.l(trapv.o)
    0x080061a6   0x00000000   Code   RO          801    x$fpl$usenofp       fz_ws.l(usenofp.o)
    0x080061a6   0x00000710   Data   RO          483    .constdata          ierg3810_tftlcd.o
    0x080068b6   0x00000002   PAD
    0x080068b8   0x00000088   Data   RO          729    .constdata          m_ws.l(pow.o)
    0x08006940   0x00000008   Data   RO          820    .constdata          m_ws.l(qnan.o)
    0x08006948   0x00000020   Data   RO          952    Region$$Table       anon$$obj.o


    Execution Region ER_RW (Base: 0x20000000, Size: 0x00000098, Max: 0xffffffff, ABSOLUTE)

    Base Addr    Size         Type   Attr      Idx    E Section Name        Object

    0x20000000   0x00000014   Data   RW          379    .data               system_stm32f10x.o
    0x20000014   0x00000014   Data   RW          507    .data               ierg3810_exti.o
    0x20000028   0x00000070   Data   RW          548    .data               main.o


    Execution Region ER_ZI (Base: 0x20000098, Size: 0x00000760, Max: 0xffffffff, ABSOLUTE)

    Base Addr    Size         Type   Attr      Idx    E Section Name        Object

    0x20000098   0x00000018   Zero   RW          547    .bss                main.o
    0x200000b0   0x000000e4   Zero   RW          680    .bss                c_w.l(rand.o)
    0x20000194   0x00000060   Zero   RW          860    .bss                c_w.l(libspace.o)
    0x200001f4   0x00000004   PAD
    0x200001f8   0x00000200   Zero   RW          416    HEAP                startup_stm32f10x_hd.o
    0x200003f8   0x00000400   Zero   RW          415    STACK               startup_stm32f10x_hd.o


==============================================================================

Image component sizes


      Code (inc. data)   RO Data    RW Data    ZI Data      Debug   Object Name

        12          0          0          0          0        480   board.o
       364         30          0          0          0       1251   calculate.o
         0          0          0          0          0         32   core_cm3.o
      9020        212          0          0          0       5169   display.o
       352         60          0          0          0        979   display_usart.o
       548        120          0          0          0       1291   game.o
        68          8          0          0          0        702   ierg3810_buzzer.o
       164         18          0          0          0        599   ierg3810_clock.o
       664         88          0         20          0       1939   ierg3810_exti.o
       236         12          0          0          0       1125   ierg3810_key.o
       136         14          0          0          0        902   ierg3810_led.o
      1816         48       1808          0          0       6691   ierg3810_tftlcd.o
       472         38          0          0          0       1605   ierg3810_tim.o
       468         22          0          0          0       1292   ierg3810_usart.o
      1808        296          0          0          0       2051   input.o
       244         48          0        112         24       2477   main.o
         0          0          0          0          0     207624   misc.o
        64         26        304          0       1536        832   startup_stm32f10x_hd.o
        40          4          0          0          0       1298   stm32f10x_it.o
       480         38          0         20          0       1875   system_stm32f10x.o

    ----------------------------------------------------------------------
     16956       1082       2146        152       1560     240214   Object Totals
         0          0         32          0          0          0   (incl. Generated)
         0          0          2          0          0          0   (incl. Padding)

    ----------------------------------------------------------------------

      Code (inc. data)   RO Data    RW Data    ZI Data      Debug   Library Member Name

         8          0          0          0          0         68   __main.o
         0          0          0          0          0          0   __rtentry.o
        12          0          0          0          0          0   __rtentry2.o
         6          0          0          0          0          0   __rtentry4.o
        52          8          0          0          0          0   __scatter.o
        26          0          0          0          0          0   __scatter_copy.o
        28          0          0          0          0          0   __scatter_zi.o
        22          0          0          0          0        100   _rserrno.o
        12          0          0          0          0         72   exit.o
         6          0          0          0          0        152   heapauxi.o
         0          0          0          0          0          0   indicate_semi.o
         2          0          0          0          0          0   libinit.o
         6          0          0          0          0          0   libinit2.o
         2          0          0          0          0          0   libshutdown.o
         2          0          0          0          0          0   libshutdown2.o
         8          4          0          0         96         68   libspace.o
       112         18          0          0        228        160   rand.o
         8          4          0          0          0         68   rt_errno_addr_intlibspace.o
         2          0          0          0          0          0   rtexit.o
        10          0          0          0          0          0   rtexit2.o
        12          4          0          0          0         68   sys_exit.o
        74          0          0          0          0         80   sys_stackheap_outer.o
         2          0          0          0          0         68   use_no_semi.o
       826         16          0          0          0        348   daddsub_clz.o
        16          4          0          0          0         68   dcheck1.o
        24          0          0          0          0         68   dcmpi.o
       688        140          0          0          0        208   ddiv.o
        94          4          0          0          0         92   dfix.o
        46          0          0          0          0         68   dflt_clz.o
       120          4          0          0          0         92   dleqf.o
       340         12          0          0          0        104   dmul.o
       156          4          0          0          0         92   dnaninf.o
        12          0          0          0          0         68   dretinf.o
       108          0          0          0          0         80   drleqf.o
       460         56          0          0          0        120   dsqrt_noumaal.o
       450          8          0          0          0        236   faddsub_clz.o
       388         76          0          0          0         96   fdiv.o
        62          4          0          0          0         84   ffixu.o
        38          0          0          0          0         68   fflt_clz.o
       258          4          0          0          0         84   fmul.o
       140          4          0          0          0         84   fnaninf.o
        10          0          0          0          0         68   fretinf.o
       100          0          0          0          0         68   retnan.o
        92          0          0          0          0         68   scalbn.o
        48          0          0          0          0         68   trapv.o
         0          0          0          0          0          0   usenofp.o
        62         10          0          0          0        340   dunder.o
        40          0          0          0          0         68   fpclassify.o
       170          0          0          0          0         96   poly.o
      2488        190        136          0          0        300   pow.o
         0          0          8          0          0          0   qnan.o
        76          0          0          0          0         84   sqrt.o

    ----------------------------------------------------------------------
      7738        574        144          0        328       4124   Library Totals
        14          0          0          0          4          0   (incl. Padding)

    ----------------------------------------------------------------------

      Code (inc. data)   RO Data    RW Data    ZI Data      Debug   Library Name

       412         38          0          0        324        904   c_w.l
      4476        336          0          0          0       2332   fz_ws.l
      2836        200        144          0          0        888   m_ws.l

    ----------------------------------------------------------------------
      7738        574        144          0        328       4124   Library Totals

    ----------------------------------------------------------------------

==============================================================================


      Code (inc. data)   RO Data    RW Data    ZI Data      Debug   

     24694       1656       2290        152       1888     241214   Grand Totals
     24694       1656       2290        152       1888     241214   ELF Image Totals
     24694       1656       2290        152          0          0   ROM Totals

==============================================================================

    Total RO  Size (Code + RO Data)                26984 (  26.35kB)
    Total RW  Size (RW Data + ZI Data)              2040 (   1.99kB)
    Total ROM Size (Code + RO Data + RW Data)      27136 (  26.50kB)

==============================================================================

